<?xml version="1.0"?>
<link_info>
   <banner>TI ARM Linker Unix v5.1.6</banner>
   <copyright>Copyright (c) 1996-2014 Texas Instruments Incorporated</copyright>
   <link_time>0x54c90f5f</link_time>
   <link_errors>0x0</link_errors>
   <output_file>project0.out</output_file>
   <entry_point>
      <name>_c_int00</name>
      <address>0x2545</address>
   </entry_point>
   <input_file_list>
      <input_file id="fl-2">
         <path>./</path>
         <kind>object</kind>
         <file>SCCB.obj</file>
         <name>SCCB.obj</name>
      </input_file>
      <input_file id="fl-3">
         <path>./</path>
         <kind>object</kind>
         <file>func.obj</file>
         <name>func.obj</name>
      </input_file>
      <input_file id="fl-4">
         <path>./</path>
         <kind>object</kind>
         <file>lcdTFT.obj</file>
         <name>lcdTFT.obj</name>
      </input_file>
      <input_file id="fl-5">
         <path>./</path>
         <kind>object</kind>
         <file>project0.obj</file>
         <name>project0.obj</name>
      </input_file>
      <input_file id="fl-6">
         <path>./</path>
         <kind>object</kind>
         <file>startup_ccs.obj</file>
         <name>startup_ccs.obj</name>
      </input_file>
      <input_file id="fl-134">
         <path>/home/kike/programas/ti/ccsv6/tools/compiler/arm_5.1.6/lib/</path>
         <kind>archive</kind>
         <file>rtsv7M4_T_le_v4SPD16_eabi.lib</file>
         <name>boot.obj</name>
      </input_file>
      <input_file id="fl-135">
         <path>/home/kike/programas/ti/ccsv6/tools/compiler/arm_5.1.6/lib/</path>
         <kind>archive</kind>
         <file>rtsv7M4_T_le_v4SPD16_eabi.lib</file>
         <name>copy_decompress_none.obj</name>
      </input_file>
      <input_file id="fl-136">
         <path>/home/kike/programas/ti/ccsv6/tools/compiler/arm_5.1.6/lib/</path>
         <kind>archive</kind>
         <file>rtsv7M4_T_le_v4SPD16_eabi.lib</file>
         <name>copy_decompress_rle.obj</name>
      </input_file>
      <input_file id="fl-137">
         <path>/home/kike/programas/ti/ccsv6/tools/compiler/arm_5.1.6/lib/</path>
         <kind>archive</kind>
         <file>rtsv7M4_T_le_v4SPD16_eabi.lib</file>
         <name>copy_zero_init.obj</name>
      </input_file>
      <input_file id="fl-138">
         <path>/home/kike/programas/ti/ccsv6/tools/compiler/arm_5.1.6/lib/</path>
         <kind>archive</kind>
         <file>rtsv7M4_T_le_v4SPD16_eabi.lib</file>
         <name>exit.obj</name>
      </input_file>
      <input_file id="fl-139">
         <path>/home/kike/programas/ti/ccsv6/tools/compiler/arm_5.1.6/lib/</path>
         <kind>archive</kind>
         <file>rtsv7M4_T_le_v4SPD16_eabi.lib</file>
         <name>memcpy_t2.obj</name>
      </input_file>
      <input_file id="fl-13a">
         <path>/home/kike/programas/ti/ccsv6/tools/compiler/arm_5.1.6/lib/</path>
         <kind>archive</kind>
         <file>rtsv7M4_T_le_v4SPD16_eabi.lib</file>
         <name>stkdepth_vars.obj</name>
      </input_file>
      <input_file id="fl-13b">
         <path>/home/kike/programas/ti/ccsv6/tools/compiler/arm_5.1.6/lib/</path>
         <kind>archive</kind>
         <file>rtsv7M4_T_le_v4SPD16_eabi.lib</file>
         <name>vsprintf.obj</name>
      </input_file>
      <input_file id="fl-13c">
         <path>/home/kike/programas/ti/ccsv6/tools/compiler/arm_5.1.6/lib/</path>
         <kind>archive</kind>
         <file>rtsv7M4_T_le_v4SPD16_eabi.lib</file>
         <name>_lock.obj</name>
      </input_file>
      <input_file id="fl-13d">
         <path>/home/kike/programas/ti/ccsv6/tools/compiler/arm_5.1.6/lib/</path>
         <kind>archive</kind>
         <file>rtsv7M4_T_le_v4SPD16_eabi.lib</file>
         <name>_printfi.obj</name>
      </input_file>
      <input_file id="fl-13e">
         <path>/home/kike/programas/ti/ccsv6/tools/compiler/arm_5.1.6/lib/</path>
         <kind>archive</kind>
         <file>rtsv7M4_T_le_v4SPD16_eabi.lib</file>
         <name>args_main.obj</name>
      </input_file>
      <input_file id="fl-13f">
         <path>/home/kike/programas/ti/ccsv6/tools/compiler/arm_5.1.6/lib/</path>
         <kind>archive</kind>
         <file>rtsv7M4_T_le_v4SPD16_eabi.lib</file>
         <name>atoi.obj</name>
      </input_file>
      <input_file id="fl-140">
         <path>/home/kike/programas/ti/ccsv6/tools/compiler/arm_5.1.6/lib/</path>
         <kind>archive</kind>
         <file>rtsv7M4_T_le_v4SPD16_eabi.lib</file>
         <name>auto_init.obj</name>
      </input_file>
      <input_file id="fl-141">
         <path>/home/kike/programas/ti/ccsv6/tools/compiler/arm_5.1.6/lib/</path>
         <kind>archive</kind>
         <file>rtsv7M4_T_le_v4SPD16_eabi.lib</file>
         <name>cpy_tbl.obj</name>
      </input_file>
      <input_file id="fl-142">
         <path>/home/kike/programas/ti/ccsv6/tools/compiler/arm_5.1.6/lib/</path>
         <kind>archive</kind>
         <file>rtsv7M4_T_le_v4SPD16_eabi.lib</file>
         <name>ctype.obj</name>
      </input_file>
      <input_file id="fl-143">
         <path>/home/kike/programas/ti/ccsv6/tools/compiler/arm_5.1.6/lib/</path>
         <kind>archive</kind>
         <file>rtsv7M4_T_le_v4SPD16_eabi.lib</file>
         <name>fd_add_t2.obj</name>
      </input_file>
      <input_file id="fl-144">
         <path>/home/kike/programas/ti/ccsv6/tools/compiler/arm_5.1.6/lib/</path>
         <kind>archive</kind>
         <file>rtsv7M4_T_le_v4SPD16_eabi.lib</file>
         <name>fd_cmp_t2.obj</name>
      </input_file>
      <input_file id="fl-145">
         <path>/home/kike/programas/ti/ccsv6/tools/compiler/arm_5.1.6/lib/</path>
         <kind>archive</kind>
         <file>rtsv7M4_T_le_v4SPD16_eabi.lib</file>
         <name>fd_div_t2.obj</name>
      </input_file>
      <input_file id="fl-146">
         <path>/home/kike/programas/ti/ccsv6/tools/compiler/arm_5.1.6/lib/</path>
         <kind>archive</kind>
         <file>rtsv7M4_T_le_v4SPD16_eabi.lib</file>
         <name>fd_mul_t2.obj</name>
      </input_file>
      <input_file id="fl-147">
         <path>/home/kike/programas/ti/ccsv6/tools/compiler/arm_5.1.6/lib/</path>
         <kind>archive</kind>
         <file>rtsv7M4_T_le_v4SPD16_eabi.lib</file>
         <name>fd_toi_t2.obj</name>
      </input_file>
      <input_file id="fl-148">
         <path>/home/kike/programas/ti/ccsv6/tools/compiler/arm_5.1.6/lib/</path>
         <kind>archive</kind>
         <file>rtsv7M4_T_le_v4SPD16_eabi.lib</file>
         <name>i_tofd_t2.obj</name>
      </input_file>
      <input_file id="fl-149">
         <path>/home/kike/programas/ti/ccsv6/tools/compiler/arm_5.1.6/lib/</path>
         <kind>archive</kind>
         <file>rtsv7M4_T_le_v4SPD16_eabi.lib</file>
         <name>ll_mul_t2.obj</name>
      </input_file>
      <input_file id="fl-14a">
         <path>/home/kike/programas/ti/ccsv6/tools/compiler/arm_5.1.6/lib/</path>
         <kind>archive</kind>
         <file>rtsv7M4_T_le_v4SPD16_eabi.lib</file>
         <name>ltoa.obj</name>
      </input_file>
      <input_file id="fl-14b">
         <path>/home/kike/programas/ti/ccsv6/tools/compiler/arm_5.1.6/lib/</path>
         <kind>archive</kind>
         <file>rtsv7M4_T_le_v4SPD16_eabi.lib</file>
         <name>memccpy.obj</name>
      </input_file>
      <input_file id="fl-14c">
         <path>/home/kike/programas/ti/ccsv6/tools/compiler/arm_5.1.6/lib/</path>
         <kind>archive</kind>
         <file>rtsv7M4_T_le_v4SPD16_eabi.lib</file>
         <name>memset_t2.obj</name>
      </input_file>
      <input_file id="fl-14d">
         <path>/home/kike/programas/ti/ccsv6/tools/compiler/arm_5.1.6/lib/</path>
         <kind>archive</kind>
         <file>rtsv7M4_T_le_v4SPD16_eabi.lib</file>
         <name>strlen.obj</name>
      </input_file>
      <input_file id="fl-14e">
         <path>/home/kike/programas/ti/ccsv6/tools/compiler/arm_5.1.6/lib/</path>
         <kind>archive</kind>
         <file>rtsv7M4_T_le_v4SPD16_eabi.lib</file>
         <name>ull_div_t2.obj</name>
      </input_file>
      <input_file id="fl-14f">
         <path>/home/kike/programas/ti/ccsv6/tools/compiler/arm_5.1.6/lib/</path>
         <kind>archive</kind>
         <file>rtsv7M4_T_le_v4SPD16_eabi.lib</file>
         <name>xdclass.obj</name>
      </input_file>
      <input_file id="fl-150">
         <path>/home/kike/programas/ti/ccsv6/tools/compiler/arm_5.1.6/lib/</path>
         <kind>archive</kind>
         <file>rtsv7M4_T_le_v4SPD16_eabi.lib</file>
         <name>xdtest.obj</name>
      </input_file>
      <input_file id="fl-151">
         <path>/home/kike/programas/ti/tiva c series TM4C123GXL/examples/boards/ek-tm4c123gxl/project0/ccs/../../../../../driverlib/ccs/Debug/</path>
         <kind>archive</kind>
         <file>driverlib.lib</file>
         <name>uart.obj</name>
      </input_file>
      <input_file id="fl-152">
         <path>/home/kike/programas/ti/tiva c series TM4C123GXL/examples/boards/ek-tm4c123gxl/project0/ccs/../../../../../driverlib/ccs/Debug/</path>
         <kind>archive</kind>
         <file>driverlib.lib</file>
         <name>timer.obj</name>
      </input_file>
      <input_file id="fl-153">
         <path>/home/kike/programas/ti/tiva c series TM4C123GXL/examples/boards/ek-tm4c123gxl/project0/ccs/../../../../../driverlib/ccs/Debug/</path>
         <kind>archive</kind>
         <file>driverlib.lib</file>
         <name>sysctl.obj</name>
      </input_file>
      <input_file id="fl-154">
         <path>/home/kike/programas/ti/tiva c series TM4C123GXL/examples/boards/ek-tm4c123gxl/project0/ccs/../../../../../driverlib/ccs/Debug/</path>
         <kind>archive</kind>
         <file>driverlib.lib</file>
         <name>interrupt.obj</name>
      </input_file>
      <input_file id="fl-155">
         <path>/home/kike/programas/ti/tiva c series TM4C123GXL/examples/boards/ek-tm4c123gxl/project0/ccs/../../../../../driverlib/ccs/Debug/</path>
         <kind>archive</kind>
         <file>driverlib.lib</file>
         <name>gpio.obj</name>
      </input_file>
      <input_file id="fl-156">
         <path>/home/kike/programas/ti/tiva c series TM4C123GXL/examples/boards/ek-tm4c123gxl/project0/ccs/../../../../../driverlib/ccs/Debug/</path>
         <kind>archive</kind>
         <file>driverlib.lib</file>
         <name>cpu.obj</name>
      </input_file>
   </input_file_list>
   <object_component_list>
      <object_component id="oc-e">
         <name>.intvecs</name>
         <load_address>0x0</load_address>
         <run_address>0x0</run_address>
         <size>0x26c</size>
         <input_file_ref idref="fl-6"/>
      </object_component>
      <object_component id="oc-149">
         <name>.text</name>
         <load_address>0x26c</load_address>
         <run_address>0x26c</run_address>
         <size>0xec0</size>
         <input_file_ref idref="fl-13d"/>
      </object_component>
      <object_component id="oc-1c4">
         <name>.text</name>
         <load_address>0x112c</load_address>
         <run_address>0x112c</run_address>
         <size>0x1f4</size>
         <input_file_ref idref="fl-14e"/>
      </object_component>
      <object_component id="oc-1f8">
         <name>.text</name>
         <load_address>0x1320</load_address>
         <run_address>0x1320</run_address>
         <size>0x1b6</size>
         <input_file_ref idref="fl-143"/>
      </object_component>
      <object_component id="oc-1de">
         <name>.text</name>
         <load_address>0x14d6</load_address>
         <run_address>0x14d6</run_address>
         <size>0x136</size>
         <input_file_ref idref="fl-145"/>
      </object_component>
      <object_component id="oc-11b">
         <name>.text:configura</name>
         <load_address>0x160c</load_address>
         <run_address>0x160c</run_address>
         <size>0x118</size>
         <input_file_ref idref="fl-5"/>
      </object_component>
      <object_component id="oc-127">
         <name>.text:configuraInt</name>
         <load_address>0x1724</load_address>
         <run_address>0x1724</run_address>
         <size>0x110</size>
         <input_file_ref idref="fl-5"/>
      </object_component>
      <object_component id="oc-15d">
         <name>.text:SysCtlClockSet</name>
         <load_address>0x1834</load_address>
         <run_address>0x1834</run_address>
         <size>0x104</size>
         <input_file_ref idref="fl-153"/>
      </object_component>
      <object_component id="oc-1d9">
         <name>.text</name>
         <load_address>0x1938</load_address>
         <run_address>0x1938</run_address>
         <size>0xfc</size>
         <input_file_ref idref="fl-146"/>
      </object_component>
      <object_component id="oc-242">
         <name>.text:SCCBwriteByte</name>
         <load_address>0x1a34</load_address>
         <run_address>0x1a34</run_address>
         <size>0xf0</size>
         <input_file_ref idref="fl-2"/>
      </object_component>
      <object_component id="oc-1ad">
         <name>.text:GPIOPadConfigSet</name>
         <load_address>0x1b24</load_address>
         <run_address>0x1b24</run_address>
         <size>0xb8</size>
         <input_file_ref idref="fl-155"/>
      </object_component>
      <object_component id="oc-6b">
         <name>.text</name>
         <load_address>0x1bdc</load_address>
         <run_address>0x1bdc</run_address>
         <size>0x9c</size>
         <input_file_ref idref="fl-139"/>
      </object_component>
      <object_component id="oc-253">
         <name>.text:SCCBreadByte</name>
         <load_address>0x1c78</load_address>
         <run_address>0x1c78</run_address>
         <size>0x98</size>
         <input_file_ref idref="fl-2"/>
      </object_component>
      <object_component id="oc-56">
         <name>.text</name>
         <load_address>0x1d10</load_address>
         <run_address>0x1d10</run_address>
         <size>0x94</size>
         <input_file_ref idref="fl-140"/>
      </object_component>
      <object_component id="oc-23c">
         <name>.text:startSCCB</name>
         <load_address>0x1da4</load_address>
         <run_address>0x1da4</run_address>
         <size>0x90</size>
         <input_file_ref idref="fl-2"/>
      </object_component>
      <object_component id="oc-1d4">
         <name>.text:__aeabi_cdcmple</name>
         <load_address>0x1e34</load_address>
         <run_address>0x1e34</run_address>
         <size>0x86</size>
         <input_file_ref idref="fl-144"/>
      </object_component>
      <object_component id="oc-1e3">
         <name>.text:__aeabi_cdrcmple</name>
         <load_address>0x1eba</load_address>
         <run_address>0x1eba</run_address>
         <size>0x86</size>
         <input_file_ref idref="fl-144"/>
      </object_component>
      <object_component id="oc-121">
         <name>.text:configOV7670</name>
         <load_address>0x1f40</load_address>
         <run_address>0x1f40</run_address>
         <size>0x7f</size>
         <input_file_ref idref="fl-5"/>
      </object_component>
      <object_component id="oc-259">
         <name>.text:noAck</name>
         <load_address>0x1fc0</load_address>
         <run_address>0x1fc0</run_address>
         <size>0x78</size>
         <input_file_ref idref="fl-2"/>
      </object_component>
      <object_component id="oc-1fd">
         <name>.text</name>
         <load_address>0x2038</load_address>
         <run_address>0x2038</run_address>
         <size>0x78</size>
         <input_file_ref idref="fl-14c"/>
      </object_component>
      <object_component id="oc-18e">
         <name>.text:rdOV7670Reg</name>
         <load_address>0x20b0</load_address>
         <run_address>0x20b0</run_address>
         <size>0x70</size>
         <input_file_ref idref="fl-2"/>
      </object_component>
      <object_component id="oc-ac">
         <name>.text</name>
         <load_address>0x2120</load_address>
         <run_address>0x2120</run_address>
         <size>0x6c</size>
         <input_file_ref idref="fl-3"/>
      </object_component>
      <object_component id="oc-d0">
         <name>.text:main</name>
         <load_address>0x218c</load_address>
         <run_address>0x218c</run_address>
         <size>0x68</size>
         <input_file_ref idref="fl-5"/>
      </object_component>
      <object_component id="oc-248">
         <name>.text:stopSCCB</name>
         <load_address>0x21f4</load_address>
         <run_address>0x21f4</run_address>
         <size>0x68</size>
         <input_file_ref idref="fl-2"/>
      </object_component>
      <object_component id="oc-19b">
         <name>.text:IntEnable</name>
         <load_address>0x225c</load_address>
         <run_address>0x225c</run_address>
         <size>0x60</size>
         <input_file_ref idref="fl-154"/>
      </object_component>
      <object_component id="oc-7e">
         <name>.text</name>
         <load_address>0x22bc</load_address>
         <run_address>0x22bc</run_address>
         <size>0x5e</size>
         <input_file_ref idref="fl-136"/>
      </object_component>
      <object_component id="oc-1ed">
         <name>.text</name>
         <load_address>0x231a</load_address>
         <run_address>0x231a</run_address>
         <size>0x5a</size>
         <input_file_ref idref="fl-14a"/>
      </object_component>
      <object_component id="oc-1b3">
         <name>.text:GPIOIntTypeSet</name>
         <load_address>0x2374</load_address>
         <run_address>0x2374</run_address>
         <size>0x56</size>
         <input_file_ref idref="fl-155"/>
      </object_component>
      <object_component id="oc-35">
         <name>.text:FaultISR</name>
         <load_address>0x23ca</load_address>
         <run_address>0x23ca</run_address>
         <size>0x2</size>
         <input_file_ref idref="fl-6"/>
      </object_component>
      <object_component id="oc-182">
         <name>.text:wrOV7670Reg</name>
         <load_address>0x23cc</load_address>
         <run_address>0x23cc</run_address>
         <size>0x50</size>
         <input_file_ref idref="fl-2"/>
      </object_component>
      <object_component id="oc-4d">
         <name>.text:IntGPIOf</name>
         <load_address>0x241c</load_address>
         <run_address>0x241c</run_address>
         <size>0x4c</size>
         <input_file_ref idref="fl-5"/>
      </object_component>
      <object_component id="oc-20e">
         <name>.text</name>
         <load_address>0x2468</load_address>
         <run_address>0x2468</run_address>
         <size>0x4c</size>
         <input_file_ref idref="fl-13f"/>
      </object_component>
      <object_component id="oc-175">
         <name>.text:GPIOPinConfigure</name>
         <load_address>0x24b4</load_address>
         <run_address>0x24b4</run_address>
         <size>0x48</size>
         <input_file_ref idref="fl-155"/>
      </object_component>
      <object_component id="oc-188">
         <name>.text:OV7670_init</name>
         <load_address>0x24fc</load_address>
         <run_address>0x24fc</run_address>
         <size>0x48</size>
         <input_file_ref idref="fl-2"/>
      </object_component>
      <object_component id="oc-11">
         <name>.text</name>
         <load_address>0x2544</load_address>
         <run_address>0x2544</run_address>
         <size>0x48</size>
         <input_file_ref idref="fl-134"/>
      </object_component>
      <object_component id="oc-1e8">
         <name>.text</name>
         <load_address>0x258c</load_address>
         <run_address>0x258c</run_address>
         <size>0x48</size>
         <input_file_ref idref="fl-147"/>
      </object_component>
      <object_component id="oc-f5">
         <name>.text</name>
         <load_address>0x25d4</load_address>
         <run_address>0x25d4</run_address>
         <size>0x48</size>
         <input_file_ref idref="fl-13b"/>
      </object_component>
      <object_component id="oc-47">
         <name>.text:Timer1IntHandler</name>
         <load_address>0x261c</load_address>
         <run_address>0x261c</run_address>
         <size>0x44</size>
         <input_file_ref idref="fl-5"/>
      </object_component>
      <object_component id="oc-c9">
         <name>.text</name>
         <load_address>0x2660</load_address>
         <run_address>0x2660</run_address>
         <size>0x44</size>
         <input_file_ref idref="fl-141"/>
      </object_component>
      <object_component id="oc-61">
         <name>.text</name>
         <load_address>0x26a4</load_address>
         <run_address>0x26a4</run_address>
         <size>0x44</size>
         <input_file_ref idref="fl-138"/>
      </object_component>
      <object_component id="oc-286">
         <name>.text</name>
         <load_address>0x26e8</load_address>
         <run_address>0x26e8</run_address>
         <size>0x44</size>
         <input_file_ref idref="fl-150"/>
      </object_component>
      <object_component id="oc-8f">
         <name>.text:usartPrintf</name>
         <load_address>0x272c</load_address>
         <run_address>0x272c</run_address>
         <size>0x3c</size>
         <input_file_ref idref="fl-5"/>
      </object_component>
      <object_component id="oc-17c">
         <name>.text:InitSCCB</name>
         <load_address>0x2768</load_address>
         <run_address>0x2768</run_address>
         <size>0x38</size>
         <input_file_ref idref="fl-2"/>
      </object_component>
      <object_component id="oc-271">
         <name>.text:IntRegister</name>
         <load_address>0x27a0</load_address>
         <run_address>0x27a0</run_address>
         <size>0x34</size>
         <input_file_ref idref="fl-154"/>
      </object_component>
      <object_component id="oc-163">
         <name>.text:SysCtlPeripheralEnable</name>
         <load_address>0x27d4</load_address>
         <run_address>0x27d4</run_address>
         <size>0x34</size>
         <input_file_ref idref="fl-153"/>
      </object_component>
      <object_component id="oc-41">
         <name>.text:Timer0IntHandler</name>
         <load_address>0x2808</load_address>
         <run_address>0x2808</run_address>
         <size>0x30</size>
         <input_file_ref idref="fl-5"/>
      </object_component>
      <object_component id="oc-1f3">
         <name>.text</name>
         <load_address>0x2838</load_address>
         <run_address>0x2838</run_address>
         <size>0x2e</size>
         <input_file_ref idref="fl-148"/>
      </object_component>
      <object_component id="oc-22f">
         <name>.text:GPIODirModeSet</name>
         <load_address>0x2866</load_address>
         <run_address>0x2866</run_address>
         <size>0x2a</size>
         <input_file_ref idref="fl-155"/>
      </object_component>
      <object_component id="oc-195">
         <name>.text:TimerConfigure</name>
         <load_address>0x2890</load_address>
         <run_address>0x2890</run_address>
         <size>0x28</size>
         <input_file_ref idref="fl-152"/>
      </object_component>
      <object_component id="oc-26b">
         <name>.text:_GPIOIntNumberGet</name>
         <load_address>0x28b8</load_address>
         <run_address>0x28b8</run_address>
         <size>0x1c</size>
         <input_file_ref idref="fl-155"/>
      </object_component>
      <object_component id="oc-208">
         <name>.text</name>
         <load_address>0x28d4</load_address>
         <run_address>0x28d4</run_address>
         <size>0x1c</size>
         <input_file_ref idref="fl-14b"/>
      </object_component>
      <object_component id="oc-1b9">
         <name>.text:GPIOIntRegister</name>
         <load_address>0x28f0</load_address>
         <run_address>0x28f0</run_address>
         <size>0x18</size>
         <input_file_ref idref="fl-155"/>
      </object_component>
      <object_component id="oc-5b">
         <name>.text</name>
         <load_address>0x2908</load_address>
         <run_address>0x2908</run_address>
         <size>0x18</size>
         <input_file_ref idref="fl-13e"/>
      </object_component>
      <object_component id="oc-1c9">
         <name>.text</name>
         <load_address>0x2920</load_address>
         <run_address>0x2920</run_address>
         <size>0x18</size>
         <input_file_ref idref="fl-149"/>
      </object_component>
      <object_component id="oc-13b">
         <name>.text</name>
         <load_address>0x2938</load_address>
         <run_address>0x2938</run_address>
         <size>0x14</size>
         <input_file_ref idref="fl-13c"/>
      </object_component>
      <object_component id="oc-1ce">
         <name>.text</name>
         <load_address>0x294c</load_address>
         <run_address>0x294c</run_address>
         <size>0x14</size>
         <input_file_ref idref="fl-14d"/>
      </object_component>
      <object_component id="oc-16f">
         <name>.text:GPIOPinTypeGPIOInput</name>
         <load_address>0x2960</load_address>
         <run_address>0x2960</run_address>
         <size>0x12</size>
         <input_file_ref idref="fl-155"/>
      </object_component>
      <object_component id="oc-169">
         <name>.text:GPIOPinTypeGPIOOutput</name>
         <load_address>0x2972</load_address>
         <run_address>0x2972</run_address>
         <size>0x12</size>
         <input_file_ref idref="fl-155"/>
      </object_component>
      <object_component id="oc-1a1">
         <name>.text:TimerLoadSet</name>
         <load_address>0x2984</load_address>
         <run_address>0x2984</run_address>
         <size>0x12</size>
         <input_file_ref idref="fl-152"/>
      </object_component>
      <object_component id="oc-1c">
         <name>.text:decompress:ZI</name>
         <load_address>0x2996</load_address>
         <run_address>0x2996</run_address>
         <size>0x12</size>
         <input_file_ref idref="fl-137"/>
      </object_component>
      <object_component id="oc-202">
         <name>.text</name>
         <load_address>0x29a8</load_address>
         <run_address>0x29a8</run_address>
         <size>0x12</size>
         <input_file_ref idref="fl-14f"/>
      </object_component>
      <object_component id="oc-a0">
         <name>.text:GPIOIntDisable</name>
         <load_address>0x29ba</load_address>
         <run_address>0x29ba</run_address>
         <size>0xe</size>
         <input_file_ref idref="fl-155"/>
      </object_component>
      <object_component id="oc-9a">
         <name>.text:GPIOIntStatus</name>
         <load_address>0x29c8</load_address>
         <run_address>0x29c8</run_address>
         <size>0xe</size>
         <input_file_ref idref="fl-155"/>
      </object_component>
      <object_component id="oc-1a7">
         <name>.text:TimerEnable</name>
         <load_address>0x29d6</load_address>
         <run_address>0x29d6</run_address>
         <size>0xe</size>
         <input_file_ref idref="fl-152"/>
      </object_component>
      <object_component id="oc-16">
         <name>.text:decompress:none</name>
         <load_address>0x29e4</load_address>
         <run_address>0x29e4</run_address>
         <size>0xe</size>
         <input_file_ref idref="fl-135"/>
      </object_component>
      <object_component id="oc-b1">
         <name>.text:GPIOIntEnable</name>
         <load_address>0x29f2</load_address>
         <run_address>0x29f2</run_address>
         <size>0xc</size>
         <input_file_ref idref="fl-155"/>
      </object_component>
      <object_component id="oc-fb">
         <name>.text:UARTCharPut</name>
         <load_address>0x29fe</load_address>
         <run_address>0x29fe</run_address>
         <size>0xa</size>
         <input_file_ref idref="fl-151"/>
      </object_component>
      <object_component id="oc-a6">
         <name>.text:GPIOIntClear</name>
         <load_address>0x2a08</load_address>
         <run_address>0x2a08</run_address>
         <size>0x6</size>
         <input_file_ref idref="fl-155"/>
      </object_component>
      <object_component id="oc-12d">
         <name>.text:GPIOPinWrite</name>
         <load_address>0x2a0e</load_address>
         <run_address>0x2a0e</run_address>
         <size>0x6</size>
         <input_file_ref idref="fl-155"/>
      </object_component>
      <object_component id="oc-29">
         <name>.text:ResetISR</name>
         <load_address>0x2a14</load_address>
         <run_address>0x2a14</run_address>
         <size>0x6</size>
         <input_file_ref idref="fl-6"/>
      </object_component>
      <object_component id="oc-22b">
         <name>.text:SysCtlDelay</name>
         <load_address>0x2a1a</load_address>
         <run_address>0x2a1a</run_address>
         <size>0x6</size>
         <input_file_ref idref="fl-153"/>
      </object_component>
      <object_component id="oc-22">
         <name>.text:decompress:rle24</name>
         <load_address>0x2a20</load_address>
         <run_address>0x2a20</run_address>
         <size>0x6</size>
         <input_file_ref idref="fl-136"/>
      </object_component>
      <object_component id="oc-3b">
         <name>.text:IntDefaultHandler</name>
         <load_address>0x2a26</load_address>
         <run_address>0x2a26</run_address>
         <size>0x2</size>
         <input_file_ref idref="fl-6"/>
      </object_component>
      <object_component id="oc-2f">
         <name>.text:NmiSR</name>
         <load_address>0x2a28</load_address>
         <run_address>0x2a28</run_address>
         <size>0x2</size>
         <input_file_ref idref="fl-6"/>
      </object_component>
      <object_component id="oc-28f">
         <name>.const:.string:_ctypes_</name>
         <load_address>0x2a2c</load_address>
         <run_address>0x2a2c</run_address>
         <size>0x102</size>
         <input_file_ref idref="fl-142"/>
      </object_component>
      <object_component id="oc-2ad">
         <name>.const:g_ppui32GPIOIntMapBlizzard</name>
         <load_address>0x2b30</load_address>
         <run_address>0x2b30</run_address>
         <size>0xc0</size>
         <input_file_ref idref="fl-155"/>
      </object_component>
      <object_component id="oc-237">
         <name>.const:g_pui32GPIOBaseAddrs</name>
         <load_address>0x2bf0</load_address>
         <run_address>0x2bf0</run_address>
         <size>0x78</size>
         <input_file_ref idref="fl-155"/>
      </object_component>
      <object_component id="oc-262">
         <name>.const</name>
         <load_address>0x2c68</load_address>
         <run_address>0x2c68</run_address>
         <size>0x70</size>
         <input_file_ref idref="fl-154"/>
      </object_component>
      <object_component id="oc-24f">
         <name>.const</name>
         <load_address>0x2cd8</load_address>
         <run_address>0x2cd8</run_address>
         <size>0x20</size>
         <input_file_ref idref="fl-2"/>
      </object_component>
      <object_component id="oc-2e9">
         <name>.cinit..data.load</name>
         <load_address>0x2cf8</load_address>
         <run_address>0x2cf8</run_address>
         <size>0xf</size>
      </object_component>
      <object_component id="oc-2e6">
         <name>__TI_handler_table</name>
         <load_address>0x2d08</load_address>
         <run_address>0x2d08</run_address>
         <size>0xc</size>
      </object_component>
      <object_component id="oc-2ea">
         <name>.cinit..bss.load</name>
         <load_address>0x2d18</load_address>
         <run_address>0x2d18</run_address>
         <size>0x8</size>
      </object_component>
      <object_component id="oc-2e8">
         <name>.cinit..vtable.load</name>
         <load_address>0x2d20</load_address>
         <run_address>0x2d20</run_address>
         <size>0x8</size>
      </object_component>
      <object_component id="oc-2e7">
         <name>__TI_cinit_table</name>
         <load_address>0x2d28</load_address>
         <run_address>0x2d28</run_address>
         <size>0x18</size>
      </object_component>
      <object_component id="oc-2b1">
         <name>.vtable</name>
         <uninitialized>true</uninitialized>
         <run_address>0x20000000</run_address>
         <size>0x26c</size>
         <input_file_ref idref="fl-154"/>
      </object_component>
      <object_component id="oc-67">
         <name>.data</name>
         <load_address>0x20000a4c</load_address>
         <run_address>0x20000a4c</run_address>
         <size>0x4</size>
         <input_file_ref idref="fl-13a"/>
      </object_component>
      <object_component id="oc-d8">
         <name>.data</name>
         <load_address>0x20000a3c</load_address>
         <run_address>0x20000a3c</run_address>
         <size>0x8</size>
         <input_file_ref idref="fl-13c"/>
      </object_component>
      <object_component id="oc-db">
         <name>.data</name>
         <load_address>0x20000a44</load_address>
         <run_address>0x20000a44</run_address>
         <size>0x8</size>
         <input_file_ref idref="fl-138"/>
      </object_component>
      <object_component id="oc-96">
         <name>.common:pulsos</name>
         <uninitialized>true</uninitialized>
         <run_address>0x20000a50</run_address>
         <size>0x4</size>
      </object_component>
      <object_component id="oc-28">
         <name>.stack</name>
         <uninitialized>true</uninitialized>
         <run_address>0x2000026c</run_address>
         <size>0x0</size>
         <input_file_ref idref="fl-134"/>
      </object_component>
      <object_component id="oc-2eb">
         <name>.stack</name>
         <uninitialized>true</uninitialized>
         <run_address>0x2000026c</run_address>
         <size>0x0</size>
      </object_component>
      <object_component id="oc-f">
         <name>.debug_info</name>
         <load_address>0x0</load_address>
         <run_address>0x0</run_address>
         <size>0xd9</size>
         <input_file_ref idref="fl-6"/>
      </object_component>
      <object_component id="oc-14">
         <name>.debug_info</name>
         <load_address>0xd9</load_address>
         <run_address>0xd9</run_address>
         <size>0xf3</size>
         <input_file_ref idref="fl-134"/>
      </object_component>
      <object_component id="oc-17">
         <name>.debug_info</name>
         <load_address>0x1cc</load_address>
         <run_address>0x1cc</run_address>
         <size>0x194</size>
         <input_file_ref idref="fl-135"/>
      </object_component>
      <object_component id="oc-1d">
         <name>.debug_info</name>
         <load_address>0x360</load_address>
         <run_address>0x360</run_address>
         <size>0x16a</size>
         <input_file_ref idref="fl-137"/>
      </object_component>
      <object_component id="oc-23">
         <name>.debug_info</name>
         <load_address>0x4ca</load_address>
         <run_address>0x4ca</run_address>
         <size>0x18e</size>
         <input_file_ref idref="fl-136"/>
      </object_component>
      <object_component id="oc-2a">
         <name>.debug_info</name>
         <load_address>0x658</load_address>
         <run_address>0x658</run_address>
         <size>0x109</size>
         <input_file_ref idref="fl-6"/>
      </object_component>
      <object_component id="oc-30">
         <name>.debug_info</name>
         <load_address>0x761</load_address>
         <run_address>0x761</run_address>
         <size>0xf8</size>
         <input_file_ref idref="fl-6"/>
      </object_component>
      <object_component id="oc-36">
         <name>.debug_info</name>
         <load_address>0x859</load_address>
         <run_address>0x859</run_address>
         <size>0x100</size>
         <input_file_ref idref="fl-6"/>
      </object_component>
      <object_component id="oc-3c">
         <name>.debug_info</name>
         <load_address>0x959</load_address>
         <run_address>0x959</run_address>
         <size>0x112</size>
         <input_file_ref idref="fl-6"/>
      </object_component>
      <object_component id="oc-42">
         <name>.debug_info</name>
         <load_address>0xa6b</load_address>
         <run_address>0xa6b</run_address>
         <size>0x129</size>
         <input_file_ref idref="fl-5"/>
      </object_component>
      <object_component id="oc-48">
         <name>.debug_info</name>
         <load_address>0xb94</load_address>
         <run_address>0xb94</run_address>
         <size>0x13b</size>
         <input_file_ref idref="fl-5"/>
      </object_component>
      <object_component id="oc-4e">
         <name>.debug_info</name>
         <load_address>0xccf</load_address>
         <run_address>0xccf</run_address>
         <size>0x197</size>
         <input_file_ref idref="fl-5"/>
      </object_component>
      <object_component id="oc-55">
         <name>.debug_info</name>
         <load_address>0xe66</load_address>
         <run_address>0xe66</run_address>
         <size>0x15c</size>
         <input_file_ref idref="fl-6"/>
      </object_component>
      <object_component id="oc-57">
         <name>.debug_info</name>
         <load_address>0xfc2</load_address>
         <run_address>0xfc2</run_address>
         <size>0x13d</size>
         <input_file_ref idref="fl-140"/>
      </object_component>
      <object_component id="oc-5c">
         <name>.debug_info</name>
         <load_address>0x10ff</load_address>
         <run_address>0x10ff</run_address>
         <size>0x11c</size>
         <input_file_ref idref="fl-13e"/>
      </object_component>
      <object_component id="oc-62">
         <name>.debug_info</name>
         <load_address>0x121b</load_address>
         <run_address>0x121b</run_address>
         <size>0x1c2</size>
         <input_file_ref idref="fl-138"/>
      </object_component>
      <object_component id="oc-68">
         <name>.debug_info</name>
         <load_address>0x13dd</load_address>
         <run_address>0x13dd</run_address>
         <size>0xbe</size>
         <input_file_ref idref="fl-13a"/>
      </object_component>
      <object_component id="oc-6c">
         <name>.debug_info</name>
         <load_address>0x149b</load_address>
         <run_address>0x149b</run_address>
         <size>0xcc</size>
         <input_file_ref idref="fl-139"/>
      </object_component>
      <object_component id="oc-71">
         <name>.debug_info</name>
         <load_address>0x1567</load_address>
         <run_address>0x1567</run_address>
         <size>0x46</size>
         <input_file_ref idref="fl-135"/>
      </object_component>
      <object_component id="oc-76">
         <name>.debug_info</name>
         <load_address>0x15ad</load_address>
         <run_address>0x15ad</run_address>
         <size>0xf2</size>
         <input_file_ref idref="fl-135"/>
      </object_component>
      <object_component id="oc-78">
         <name>.debug_info</name>
         <load_address>0x169f</load_address>
         <run_address>0x169f</run_address>
         <size>0x46</size>
         <input_file_ref idref="fl-137"/>
      </object_component>
      <object_component id="oc-7d">
         <name>.debug_info</name>
         <load_address>0x16e5</load_address>
         <run_address>0x16e5</run_address>
         <size>0xad</size>
         <input_file_ref idref="fl-137"/>
      </object_component>
      <object_component id="oc-7f">
         <name>.debug_info</name>
         <load_address>0x1792</load_address>
         <run_address>0x1792</run_address>
         <size>0x1ef</size>
         <input_file_ref idref="fl-136"/>
      </object_component>
      <object_component id="oc-85">
         <name>.debug_info</name>
         <load_address>0x1981</load_address>
         <run_address>0x1981</run_address>
         <size>0xb7</size>
         <input_file_ref idref="fl-136"/>
      </object_component>
      <object_component id="oc-86">
         <name>.debug_info</name>
         <load_address>0x1a38</load_address>
         <run_address>0x1a38</run_address>
         <size>0x39</size>
         <input_file_ref idref="fl-136"/>
      </object_component>
      <object_component id="oc-90">
         <name>.debug_info</name>
         <load_address>0x1a71</load_address>
         <run_address>0x1a71</run_address>
         <size>0x182</size>
         <input_file_ref idref="fl-5"/>
      </object_component>
      <object_component id="oc-97">
         <name>.debug_info</name>
         <load_address>0x1bf3</load_address>
         <run_address>0x1bf3</run_address>
         <size>0x5a7</size>
         <input_file_ref idref="fl-5"/>
      </object_component>
      <object_component id="oc-9b">
         <name>.debug_info</name>
         <load_address>0x219a</load_address>
         <run_address>0x219a</run_address>
         <size>0x1e3</size>
         <input_file_ref idref="fl-155"/>
      </object_component>
      <object_component id="oc-a1">
         <name>.debug_info</name>
         <load_address>0x237d</load_address>
         <run_address>0x237d</run_address>
         <size>0x1f5</size>
         <input_file_ref idref="fl-155"/>
      </object_component>
      <object_component id="oc-a7">
         <name>.debug_info</name>
         <load_address>0x2572</load_address>
         <run_address>0x2572</run_address>
         <size>0x1f1</size>
         <input_file_ref idref="fl-155"/>
      </object_component>
      <object_component id="oc-ad">
         <name>.debug_info</name>
         <load_address>0x2763</load_address>
         <run_address>0x2763</run_address>
         <size>0xde</size>
         <input_file_ref idref="fl-3"/>
      </object_component>
      <object_component id="oc-b2">
         <name>.debug_info</name>
         <load_address>0x2841</load_address>
         <run_address>0x2841</run_address>
         <size>0x1f3</size>
         <input_file_ref idref="fl-155"/>
      </object_component>
      <object_component id="oc-b8">
         <name>.debug_info</name>
         <load_address>0x2a34</load_address>
         <run_address>0x2a34</run_address>
         <size>0x8b</size>
         <input_file_ref idref="fl-5"/>
      </object_component>
      <object_component id="oc-bf">
         <name>.debug_info</name>
         <load_address>0x2abf</load_address>
         <run_address>0x2abf</run_address>
         <size>0x84</size>
         <input_file_ref idref="fl-2"/>
      </object_component>
      <object_component id="oc-c4">
         <name>.debug_info</name>
         <load_address>0x2b43</load_address>
         <run_address>0x2b43</run_address>
         <size>0x18b</size>
         <input_file_ref idref="fl-2"/>
      </object_component>
      <object_component id="oc-ca">
         <name>.debug_info</name>
         <load_address>0x2cce</load_address>
         <run_address>0x2cce</run_address>
         <size>0x14b</size>
         <input_file_ref idref="fl-141"/>
      </object_component>
      <object_component id="oc-d1">
         <name>.debug_info</name>
         <load_address>0x2e19</load_address>
         <run_address>0x2e19</run_address>
         <size>0x184</size>
         <input_file_ref idref="fl-5"/>
      </object_component>
      <object_component id="oc-d7">
         <name>.debug_info</name>
         <load_address>0x2f9d</load_address>
         <run_address>0x2f9d</run_address>
         <size>0x11b</size>
         <input_file_ref idref="fl-13e"/>
      </object_component>
      <object_component id="oc-d9">
         <name>.debug_info</name>
         <load_address>0x30b8</load_address>
         <run_address>0x30b8</run_address>
         <size>0xc8</size>
         <input_file_ref idref="fl-13c"/>
      </object_component>
      <object_component id="oc-dc">
         <name>.debug_info</name>
         <load_address>0x3180</load_address>
         <run_address>0x3180</run_address>
         <size>0xeb</size>
         <input_file_ref idref="fl-138"/>
      </object_component>
      <object_component id="oc-df">
         <name>.debug_info</name>
         <load_address>0x326b</load_address>
         <run_address>0x326b</run_address>
         <size>0x146</size>
         <input_file_ref idref="fl-138"/>
      </object_component>
      <object_component id="oc-e4">
         <name>.debug_info</name>
         <load_address>0x33b1</load_address>
         <run_address>0x33b1</run_address>
         <size>0x2c</size>
         <input_file_ref idref="fl-135"/>
      </object_component>
      <object_component id="oc-eb">
         <name>.debug_info</name>
         <load_address>0x33dd</load_address>
         <run_address>0x33dd</run_address>
         <size>0x2c</size>
         <input_file_ref idref="fl-137"/>
      </object_component>
      <object_component id="oc-f6">
         <name>.debug_info</name>
         <load_address>0x3409</load_address>
         <run_address>0x3409</run_address>
         <size>0x2e2</size>
         <input_file_ref idref="fl-13b"/>
      </object_component>
      <object_component id="oc-fc">
         <name>.debug_info</name>
         <load_address>0x36eb</load_address>
         <run_address>0x36eb</run_address>
         <size>0x25d</size>
         <input_file_ref idref="fl-151"/>
      </object_component>
      <object_component id="oc-102">
         <name>.debug_info</name>
         <load_address>0x3948</load_address>
         <run_address>0x3948</run_address>
         <size>0x4e</size>
         <input_file_ref idref="fl-2"/>
      </object_component>
      <object_component id="oc-10a">
         <name>.debug_info</name>
         <load_address>0x3996</load_address>
         <run_address>0x3996</run_address>
         <size>0x18b</size>
         <input_file_ref idref="fl-151"/>
      </object_component>
      <object_component id="oc-10f">
         <name>.debug_info</name>
         <load_address>0x3b21</load_address>
         <run_address>0x3b21</run_address>
         <size>0x90</size>
         <input_file_ref idref="fl-151"/>
      </object_component>
      <object_component id="oc-114">
         <name>.debug_info</name>
         <load_address>0x3bb1</load_address>
         <run_address>0x3bb1</run_address>
         <size>0x1d1</size>
         <input_file_ref idref="fl-155"/>
      </object_component>
      <object_component id="oc-11a">
         <name>.debug_info</name>
         <load_address>0x3d82</load_address>
         <run_address>0x3d82</run_address>
         <size>0x148</size>
         <input_file_ref idref="fl-141"/>
      </object_component>
      <object_component id="oc-11c">
         <name>.debug_info</name>
         <load_address>0x3eca</load_address>
         <run_address>0x3eca</run_address>
         <size>0x21f</size>
         <input_file_ref idref="fl-5"/>
      </object_component>
      <object_component id="oc-122">
         <name>.debug_info</name>
         <load_address>0x40e9</load_address>
         <run_address>0x40e9</run_address>
         <size>0x1a0</size>
         <input_file_ref idref="fl-5"/>
      </object_component>
      <object_component id="oc-128">
         <name>.debug_info</name>
         <load_address>0x4289</load_address>
         <run_address>0x4289</run_address>
         <size>0x2b9</size>
         <input_file_ref idref="fl-5"/>
      </object_component>
      <object_component id="oc-12e">
         <name>.debug_info</name>
         <load_address>0x4542</load_address>
         <run_address>0x4542</run_address>
         <size>0x207</size>
         <input_file_ref idref="fl-155"/>
      </object_component>
      <object_component id="oc-136">
         <name>.debug_info</name>
         <load_address>0x4749</load_address>
         <run_address>0x4749</run_address>
         <size>0x5e</size>
         <input_file_ref idref="fl-13e"/>
      </object_component>
      <object_component id="oc-13c">
         <name>.debug_info</name>
         <load_address>0x47a7</load_address>
         <run_address>0x47a7</run_address>
         <size>0x1d4</size>
         <input_file_ref idref="fl-13c"/>
      </object_component>
      <object_component id="oc-143">
         <name>.debug_info</name>
         <load_address>0x497b</load_address>
         <run_address>0x497b</run_address>
         <size>0xd9</size>
         <input_file_ref idref="fl-13c"/>
      </object_component>
      <object_component id="oc-14a">
         <name>.debug_info</name>
         <load_address>0x4a54</load_address>
         <run_address>0x4a54</run_address>
         <size>0x12c3</size>
         <input_file_ref idref="fl-13d"/>
      </object_component>
      <object_component id="oc-150">
         <name>.debug_info</name>
         <load_address>0x5d17</load_address>
         <run_address>0x5d17</run_address>
         <size>0x176</size>
         <input_file_ref idref="fl-13b"/>
      </object_component>
      <object_component id="oc-152">
         <name>.debug_info</name>
         <load_address>0x5e8d</load_address>
         <run_address>0x5e8d</run_address>
         <size>0x1c8</size>
         <input_file_ref idref="fl-151"/>
      </object_component>
      <object_component id="oc-153">
         <name>.debug_info</name>
         <load_address>0x6055</load_address>
         <run_address>0x6055</run_address>
         <size>0xe3</size>
         <input_file_ref idref="fl-2"/>
      </object_component>
      <object_component id="oc-158">
         <name>.debug_info</name>
         <load_address>0x6138</load_address>
         <run_address>0x6138</run_address>
         <size>0xcd</size>
         <input_file_ref idref="fl-141"/>
      </object_component>
      <object_component id="oc-15e">
         <name>.debug_info</name>
         <load_address>0x6205</load_address>
         <run_address>0x6205</run_address>
         <size>0x2d4</size>
         <input_file_ref idref="fl-153"/>
      </object_component>
      <object_component id="oc-164">
         <name>.debug_info</name>
         <load_address>0x64d9</load_address>
         <run_address>0x64d9</run_address>
         <size>0x1e1</size>
         <input_file_ref idref="fl-153"/>
      </object_component>
      <object_component id="oc-16a">
         <name>.debug_info</name>
         <load_address>0x66ba</load_address>
         <run_address>0x66ba</run_address>
         <size>0x1eb</size>
         <input_file_ref idref="fl-155"/>
      </object_component>
      <object_component id="oc-170">
         <name>.debug_info</name>
         <load_address>0x68a5</load_address>
         <run_address>0x68a5</run_address>
         <size>0x1e9</size>
         <input_file_ref idref="fl-155"/>
      </object_component>
      <object_component id="oc-176">
         <name>.debug_info</name>
         <load_address>0x6a8e</load_address>
         <run_address>0x6a8e</run_address>
         <size>0x1e4</size>
         <input_file_ref idref="fl-155"/>
      </object_component>
      <object_component id="oc-17d">
         <name>.debug_info</name>
         <load_address>0x6c72</load_address>
         <run_address>0x6c72</run_address>
         <size>0x109</size>
         <input_file_ref idref="fl-2"/>
      </object_component>
      <object_component id="oc-183">
         <name>.debug_info</name>
         <load_address>0x6d7b</load_address>
         <run_address>0x6d7b</run_address>
         <size>0x1b7</size>
         <input_file_ref idref="fl-2"/>
      </object_component>
      <object_component id="oc-189">
         <name>.debug_info</name>
         <load_address>0x6f32</load_address>
         <run_address>0x6f32</run_address>
         <size>0x13b</size>
         <input_file_ref idref="fl-2"/>
      </object_component>
      <object_component id="oc-18f">
         <name>.debug_info</name>
         <load_address>0x706d</load_address>
         <run_address>0x706d</run_address>
         <size>0x1fd</size>
         <input_file_ref idref="fl-2"/>
      </object_component>
      <object_component id="oc-196">
         <name>.debug_info</name>
         <load_address>0x726a</load_address>
         <run_address>0x726a</run_address>
         <size>0x1f0</size>
         <input_file_ref idref="fl-152"/>
      </object_component>
      <object_component id="oc-19c">
         <name>.debug_info</name>
         <load_address>0x745a</load_address>
         <run_address>0x745a</run_address>
         <size>0x1cc</size>
         <input_file_ref idref="fl-154"/>
      </object_component>
      <object_component id="oc-1a2">
         <name>.debug_info</name>
         <load_address>0x7626</load_address>
         <run_address>0x7626</run_address>
         <size>0x21e</size>
         <input_file_ref idref="fl-152"/>
      </object_component>
      <object_component id="oc-1a8">
         <name>.debug_info</name>
         <load_address>0x7844</load_address>
         <run_address>0x7844</run_address>
         <size>0x1e3</size>
         <input_file_ref idref="fl-152"/>
      </object_component>
      <object_component id="oc-1ae">
         <name>.debug_info</name>
         <load_address>0x7a27</load_address>
         <run_address>0x7a27</run_address>
         <size>0x265</size>
         <input_file_ref idref="fl-155"/>
      </object_component>
      <object_component id="oc-1b4">
         <name>.debug_info</name>
         <load_address>0x7c8c</load_address>
         <run_address>0x7c8c</run_address>
         <size>0x21f</size>
         <input_file_ref idref="fl-155"/>
      </object_component>
      <object_component id="oc-1ba">
         <name>.debug_info</name>
         <load_address>0x7eab</load_address>
         <run_address>0x7eab</run_address>
         <size>0x1f9</size>
         <input_file_ref idref="fl-155"/>
      </object_component>
      <object_component id="oc-1c5">
         <name>.debug_info</name>
         <load_address>0x80a4</load_address>
         <run_address>0x80a4</run_address>
         <size>0x13a</size>
         <input_file_ref idref="fl-14e"/>
      </object_component>
      <object_component id="oc-1ca">
         <name>.debug_info</name>
         <load_address>0x81de</load_address>
         <run_address>0x81de</run_address>
         <size>0xd5</size>
         <input_file_ref idref="fl-149"/>
      </object_component>
      <object_component id="oc-1cf">
         <name>.debug_info</name>
         <load_address>0x82b3</load_address>
         <run_address>0x82b3</run_address>
         <size>0x153</size>
         <input_file_ref idref="fl-14d"/>
      </object_component>
      <object_component id="oc-1d5">
         <name>.debug_info</name>
         <load_address>0x8406</load_address>
         <run_address>0x8406</run_address>
         <size>0xdb</size>
         <input_file_ref idref="fl-144"/>
      </object_component>
      <object_component id="oc-1da">
         <name>.debug_info</name>
         <load_address>0x84e1</load_address>
         <run_address>0x84e1</run_address>
         <size>0xed</size>
         <input_file_ref idref="fl-146"/>
      </object_component>
      <object_component id="oc-1df">
         <name>.debug_info</name>
         <load_address>0x85ce</load_address>
         <run_address>0x85ce</run_address>
         <size>0xed</size>
         <input_file_ref idref="fl-145"/>
      </object_component>
      <object_component id="oc-1e4">
         <name>.debug_info</name>
         <load_address>0x86bb</load_address>
         <run_address>0x86bb</run_address>
         <size>0xdd</size>
         <input_file_ref idref="fl-144"/>
      </object_component>
      <object_component id="oc-1e9">
         <name>.debug_info</name>
         <load_address>0x8798</load_address>
         <run_address>0x8798</run_address>
         <size>0xe1</size>
         <input_file_ref idref="fl-147"/>
      </object_component>
      <object_component id="oc-1ee">
         <name>.debug_info</name>
         <load_address>0x8879</load_address>
         <run_address>0x8879</run_address>
         <size>0x177</size>
         <input_file_ref idref="fl-14a"/>
      </object_component>
      <object_component id="oc-1f4">
         <name>.debug_info</name>
         <load_address>0x89f0</load_address>
         <run_address>0x89f0</run_address>
         <size>0xdf</size>
         <input_file_ref idref="fl-148"/>
      </object_component>
      <object_component id="oc-1f9">
         <name>.debug_info</name>
         <load_address>0x8acf</load_address>
         <run_address>0x8acf</run_address>
         <size>0xff</size>
         <input_file_ref idref="fl-143"/>
      </object_component>
      <object_component id="oc-1fe">
         <name>.debug_info</name>
         <load_address>0x8bce</load_address>
         <run_address>0x8bce</run_address>
         <size>0xfc</size>
         <input_file_ref idref="fl-14c"/>
      </object_component>
      <object_component id="oc-203">
         <name>.debug_info</name>
         <load_address>0x8cca</load_address>
         <run_address>0x8cca</run_address>
         <size>0x111</size>
         <input_file_ref idref="fl-14f"/>
      </object_component>
      <object_component id="oc-209">
         <name>.debug_info</name>
         <load_address>0x8ddb</load_address>
         <run_address>0x8ddb</run_address>
         <size>0x160</size>
         <input_file_ref idref="fl-14b"/>
      </object_component>
      <object_component id="oc-20f">
         <name>.debug_info</name>
         <load_address>0x8f3b</load_address>
         <run_address>0x8f3b</run_address>
         <size>0x126</size>
         <input_file_ref idref="fl-13f"/>
      </object_component>
      <object_component id="oc-215">
         <name>.debug_info</name>
         <load_address>0x9061</load_address>
         <run_address>0x9061</run_address>
         <size>0x26b</size>
         <input_file_ref idref="fl-13d"/>
      </object_component>
      <object_component id="oc-216">
         <name>.debug_info</name>
         <load_address>0x92cc</load_address>
         <run_address>0x92cc</run_address>
         <size>0x86</size>
         <input_file_ref idref="fl-13d"/>
      </object_component>
      <object_component id="oc-21b">
         <name>.debug_info</name>
         <load_address>0x9352</load_address>
         <run_address>0x9352</run_address>
         <size>0x39</size>
         <input_file_ref idref="fl-13d"/>
      </object_component>
      <object_component id="oc-222">
         <name>.debug_info</name>
         <load_address>0x938b</load_address>
         <run_address>0x938b</run_address>
         <size>0x2c</size>
         <input_file_ref idref="fl-13b"/>
      </object_component>
      <object_component id="oc-22d">
         <name>.debug_info</name>
         <load_address>0x93b7</load_address>
         <run_address>0x93b7</run_address>
         <size>0x1e2</size>
         <input_file_ref idref="fl-153"/>
      </object_component>
      <object_component id="oc-230">
         <name>.debug_info</name>
         <load_address>0x9599</load_address>
         <run_address>0x9599</run_address>
         <size>0x215</size>
         <input_file_ref idref="fl-155"/>
      </object_component>
      <object_component id="oc-238">
         <name>.debug_info</name>
         <load_address>0x97ae</load_address>
         <run_address>0x97ae</run_address>
         <size>0x10d</size>
         <input_file_ref idref="fl-155"/>
      </object_component>
      <object_component id="oc-23d">
         <name>.debug_info</name>
         <load_address>0x98bb</load_address>
         <run_address>0x98bb</run_address>
         <size>0x13c</size>
         <input_file_ref idref="fl-2"/>
      </object_component>
      <object_component id="oc-243">
         <name>.debug_info</name>
         <load_address>0x99f7</load_address>
         <run_address>0x99f7</run_address>
         <size>0x1af</size>
         <input_file_ref idref="fl-2"/>
      </object_component>
      <object_component id="oc-249">
         <name>.debug_info</name>
         <load_address>0x9ba6</load_address>
         <run_address>0x9ba6</run_address>
         <size>0x125</size>
         <input_file_ref idref="fl-2"/>
      </object_component>
      <object_component id="oc-250">
         <name>.debug_info</name>
         <load_address>0x9ccb</load_address>
         <run_address>0x9ccb</run_address>
         <size>0xce</size>
         <input_file_ref idref="fl-2"/>
      </object_component>
      <object_component id="oc-254">
         <name>.debug_info</name>
         <load_address>0x9d99</load_address>
         <run_address>0x9d99</run_address>
         <size>0x15b</size>
         <input_file_ref idref="fl-2"/>
      </object_component>
      <object_component id="oc-25a">
         <name>.debug_info</name>
         <load_address>0x9ef4</load_address>
         <run_address>0x9ef4</run_address>
         <size>0x126</size>
         <input_file_ref idref="fl-2"/>
      </object_component>
      <object_component id="oc-261">
         <name>.debug_info</name>
         <load_address>0xa01a</load_address>
         <run_address>0xa01a</run_address>
         <size>0x1b9</size>
         <input_file_ref idref="fl-152"/>
      </object_component>
      <object_component id="oc-263">
         <name>.debug_info</name>
         <load_address>0xa1d3</load_address>
         <run_address>0xa1d3</run_address>
         <size>0x1c2</size>
         <input_file_ref idref="fl-154"/>
      </object_component>
      <object_component id="oc-266">
         <name>.debug_info</name>
         <load_address>0xa395</load_address>
         <run_address>0xa395</run_address>
         <size>0x1ba</size>
         <input_file_ref idref="fl-154"/>
      </object_component>
      <object_component id="oc-26c">
         <name>.debug_info</name>
         <load_address>0xa54f</load_address>
         <run_address>0xa54f</run_address>
         <size>0x246</size>
         <input_file_ref idref="fl-155"/>
      </object_component>
      <object_component id="oc-272">
         <name>.debug_info</name>
         <load_address>0xa795</load_address>
         <run_address>0xa795</run_address>
         <size>0x2b0</size>
         <input_file_ref idref="fl-154"/>
      </object_component>
      <object_component id="oc-27b">
         <name>.debug_info</name>
         <load_address>0xaa45</load_address>
         <run_address>0xaa45</run_address>
         <size>0x9f</size>
         <input_file_ref idref="fl-14d"/>
      </object_component>
      <object_component id="oc-282">
         <name>.debug_info</name>
         <load_address>0xaae4</load_address>
         <run_address>0xaae4</run_address>
         <size>0x101</size>
         <input_file_ref idref="fl-14a"/>
      </object_component>
      <object_component id="oc-287">
         <name>.debug_info</name>
         <load_address>0xabe5</load_address>
         <run_address>0xabe5</run_address>
         <size>0x10f</size>
         <input_file_ref idref="fl-150"/>
      </object_component>
      <object_component id="oc-28e">
         <name>.debug_info</name>
         <load_address>0xacf4</load_address>
         <run_address>0xacf4</run_address>
         <size>0xa6</size>
         <input_file_ref idref="fl-14b"/>
      </object_component>
      <object_component id="oc-290">
         <name>.debug_info</name>
         <load_address>0xad9a</load_address>
         <run_address>0xad9a</run_address>
         <size>0xaf</size>
         <input_file_ref idref="fl-142"/>
      </object_component>
      <object_component id="oc-293">
         <name>.debug_info</name>
         <load_address>0xae49</load_address>
         <run_address>0xae49</run_address>
         <size>0xc5</size>
         <input_file_ref idref="fl-13f"/>
      </object_component>
      <object_component id="oc-296">
         <name>.debug_info</name>
         <load_address>0xaf0e</load_address>
         <run_address>0xaf0e</run_address>
         <size>0x46</size>
         <input_file_ref idref="fl-13d"/>
      </object_component>
      <object_component id="oc-2ae">
         <name>.debug_info</name>
         <load_address>0xaf54</load_address>
         <run_address>0xaf54</run_address>
         <size>0x119</size>
         <input_file_ref idref="fl-155"/>
      </object_component>
      <object_component id="oc-2b2">
         <name>.debug_info</name>
         <load_address>0xb06d</load_address>
         <run_address>0xb06d</run_address>
         <size>0x109</size>
         <input_file_ref idref="fl-154"/>
      </object_component>
      <object_component id="oc-2ba">
         <name>.debug_info</name>
         <load_address>0xb176</load_address>
         <run_address>0xb176</run_address>
         <size>0x9a</size>
         <input_file_ref idref="fl-150"/>
      </object_component>
      <object_component id="oc-2bf">
         <name>.debug_info</name>
         <load_address>0xb210</load_address>
         <run_address>0xb210</run_address>
         <size>0xa3</size>
         <input_file_ref idref="fl-142"/>
      </object_component>
      <object_component id="oc-2ec">
         <name>.debug_info</name>
         <load_address>0xb2b3</load_address>
         <run_address>0xb2b3</run_address>
         <size>0xa0</size>
      </object_component>
      <object_component id="oc-10">
         <name>.debug_pubnames</name>
         <load_address>0x0</load_address>
         <run_address>0x0</run_address>
         <size>0x23</size>
         <input_file_ref idref="fl-6"/>
      </object_component>
      <object_component id="oc-15">
         <name>.debug_pubnames</name>
         <load_address>0x23</load_address>
         <run_address>0x23</run_address>
         <size>0x1f</size>
         <input_file_ref idref="fl-134"/>
      </object_component>
      <object_component id="oc-19">
         <name>.debug_pubnames</name>
         <load_address>0x42</load_address>
         <run_address>0x42</run_address>
         <size>0x2b</size>
         <input_file_ref idref="fl-135"/>
      </object_component>
      <object_component id="oc-1f">
         <name>.debug_pubnames</name>
         <load_address>0x6d</load_address>
         <run_address>0x6d</run_address>
         <size>0x25</size>
         <input_file_ref idref="fl-137"/>
      </object_component>
      <object_component id="oc-25">
         <name>.debug_pubnames</name>
         <load_address>0x92</load_address>
         <run_address>0x92</run_address>
         <size>0x2c</size>
         <input_file_ref idref="fl-136"/>
      </object_component>
      <object_component id="oc-2c">
         <name>.debug_pubnames</name>
         <load_address>0xbe</load_address>
         <run_address>0xbe</run_address>
         <size>0x1f</size>
         <input_file_ref idref="fl-6"/>
      </object_component>
      <object_component id="oc-32">
         <name>.debug_pubnames</name>
         <load_address>0xdd</load_address>
         <run_address>0xdd</run_address>
         <size>0x1c</size>
         <input_file_ref idref="fl-6"/>
      </object_component>
      <object_component id="oc-38">
         <name>.debug_pubnames</name>
         <load_address>0xf9</load_address>
         <run_address>0xf9</run_address>
         <size>0x1f</size>
         <input_file_ref idref="fl-6"/>
      </object_component>
      <object_component id="oc-3e">
         <name>.debug_pubnames</name>
         <load_address>0x118</load_address>
         <run_address>0x118</run_address>
         <size>0x28</size>
         <input_file_ref idref="fl-6"/>
      </object_component>
      <object_component id="oc-44">
         <name>.debug_pubnames</name>
         <load_address>0x140</load_address>
         <run_address>0x140</run_address>
         <size>0x27</size>
         <input_file_ref idref="fl-5"/>
      </object_component>
      <object_component id="oc-4a">
         <name>.debug_pubnames</name>
         <load_address>0x167</load_address>
         <run_address>0x167</run_address>
         <size>0x27</size>
         <input_file_ref idref="fl-5"/>
      </object_component>
      <object_component id="oc-50">
         <name>.debug_pubnames</name>
         <load_address>0x18e</load_address>
         <run_address>0x18e</run_address>
         <size>0x1f</size>
         <input_file_ref idref="fl-5"/>
      </object_component>
      <object_component id="oc-59">
         <name>.debug_pubnames</name>
         <load_address>0x1ad</load_address>
         <run_address>0x1ad</run_address>
         <size>0x37</size>
         <input_file_ref idref="fl-140"/>
      </object_component>
      <object_component id="oc-5e">
         <name>.debug_pubnames</name>
         <load_address>0x1e4</load_address>
         <run_address>0x1e4</run_address>
         <size>0x21</size>
         <input_file_ref idref="fl-13e"/>
      </object_component>
      <object_component id="oc-64">
         <name>.debug_pubnames</name>
         <load_address>0x205</load_address>
         <run_address>0x205</run_address>
         <size>0x35</size>
         <input_file_ref idref="fl-138"/>
      </object_component>
      <object_component id="oc-69">
         <name>.debug_pubnames</name>
         <load_address>0x23a</load_address>
         <run_address>0x23a</run_address>
         <size>0x23</size>
         <input_file_ref idref="fl-13a"/>
      </object_component>
      <object_component id="oc-6e">
         <name>.debug_pubnames</name>
         <load_address>0x25d</load_address>
         <run_address>0x25d</run_address>
         <size>0x1d</size>
         <input_file_ref idref="fl-139"/>
      </object_component>
      <object_component id="oc-81">
         <name>.debug_pubnames</name>
         <load_address>0x27a</load_address>
         <run_address>0x27a</run_address>
         <size>0x2f</size>
         <input_file_ref idref="fl-136"/>
      </object_component>
      <object_component id="oc-92">
         <name>.debug_pubnames</name>
         <load_address>0x2a9</load_address>
         <run_address>0x2a9</run_address>
         <size>0x22</size>
         <input_file_ref idref="fl-5"/>
      </object_component>
      <object_component id="oc-98">
         <name>.debug_pubnames</name>
         <load_address>0x2cb</load_address>
         <run_address>0x2cb</run_address>
         <size>0x1d</size>
         <input_file_ref idref="fl-5"/>
      </object_component>
      <object_component id="oc-9d">
         <name>.debug_pubnames</name>
         <load_address>0x2e8</load_address>
         <run_address>0x2e8</run_address>
         <size>0x24</size>
         <input_file_ref idref="fl-155"/>
      </object_component>
      <object_component id="oc-a3">
         <name>.debug_pubnames</name>
         <load_address>0x30c</load_address>
         <run_address>0x30c</run_address>
         <size>0x25</size>
         <input_file_ref idref="fl-155"/>
      </object_component>
      <object_component id="oc-a9">
         <name>.debug_pubnames</name>
         <load_address>0x331</load_address>
         <run_address>0x331</run_address>
         <size>0x23</size>
         <input_file_ref idref="fl-155"/>
      </object_component>
      <object_component id="oc-af">
         <name>.debug_pubnames</name>
         <load_address>0x354</load_address>
         <run_address>0x354</run_address>
         <size>0x1e</size>
         <input_file_ref idref="fl-3"/>
      </object_component>
      <object_component id="oc-b4">
         <name>.debug_pubnames</name>
         <load_address>0x372</load_address>
         <run_address>0x372</run_address>
         <size>0x24</size>
         <input_file_ref idref="fl-155"/>
      </object_component>
      <object_component id="oc-cc">
         <name>.debug_pubnames</name>
         <load_address>0x396</load_address>
         <run_address>0x396</run_address>
         <size>0x1e</size>
         <input_file_ref idref="fl-141"/>
      </object_component>
      <object_component id="oc-d3">
         <name>.debug_pubnames</name>
         <load_address>0x3b4</load_address>
         <run_address>0x3b4</run_address>
         <size>0x1b</size>
         <input_file_ref idref="fl-5"/>
      </object_component>
      <object_component id="oc-da">
         <name>.debug_pubnames</name>
         <load_address>0x3cf</load_address>
         <run_address>0x3cf</run_address>
         <size>0x28</size>
         <input_file_ref idref="fl-13c"/>
      </object_component>
      <object_component id="oc-dd">
         <name>.debug_pubnames</name>
         <load_address>0x3f7</load_address>
         <run_address>0x3f7</run_address>
         <size>0x3a</size>
         <input_file_ref idref="fl-138"/>
      </object_component>
      <object_component id="oc-f8">
         <name>.debug_pubnames</name>
         <load_address>0x431</load_address>
         <run_address>0x431</run_address>
         <size>0x33</size>
         <input_file_ref idref="fl-13b"/>
      </object_component>
      <object_component id="oc-fe">
         <name>.debug_pubnames</name>
         <load_address>0x464</load_address>
         <run_address>0x464</run_address>
         <size>0x22</size>
         <input_file_ref idref="fl-151"/>
      </object_component>
      <object_component id="oc-11e">
         <name>.debug_pubnames</name>
         <load_address>0x486</load_address>
         <run_address>0x486</run_address>
         <size>0x20</size>
         <input_file_ref idref="fl-5"/>
      </object_component>
      <object_component id="oc-124">
         <name>.debug_pubnames</name>
         <load_address>0x4a6</load_address>
         <run_address>0x4a6</run_address>
         <size>0x23</size>
         <input_file_ref idref="fl-5"/>
      </object_component>
      <object_component id="oc-12a">
         <name>.debug_pubnames</name>
         <load_address>0x4c9</load_address>
         <run_address>0x4c9</run_address>
         <size>0x23</size>
         <input_file_ref idref="fl-5"/>
      </object_component>
      <object_component id="oc-130">
         <name>.debug_pubnames</name>
         <load_address>0x4ec</load_address>
         <run_address>0x4ec</run_address>
         <size>0x23</size>
         <input_file_ref idref="fl-155"/>
      </object_component>
      <object_component id="oc-13e">
         <name>.debug_pubnames</name>
         <load_address>0x50f</load_address>
         <run_address>0x50f</run_address>
         <size>0x43</size>
         <input_file_ref idref="fl-13c"/>
      </object_component>
      <object_component id="oc-14c">
         <name>.debug_pubnames</name>
         <load_address>0x552</load_address>
         <run_address>0x552</run_address>
         <size>0x89</size>
         <input_file_ref idref="fl-13d"/>
      </object_component>
      <object_component id="oc-160">
         <name>.debug_pubnames</name>
         <load_address>0x5db</load_address>
         <run_address>0x5db</run_address>
         <size>0x25</size>
         <input_file_ref idref="fl-153"/>
      </object_component>
      <object_component id="oc-166">
         <name>.debug_pubnames</name>
         <load_address>0x600</load_address>
         <run_address>0x600</run_address>
         <size>0x2d</size>
         <input_file_ref idref="fl-153"/>
      </object_component>
      <object_component id="oc-16c">
         <name>.debug_pubnames</name>
         <load_address>0x62d</load_address>
         <run_address>0x62d</run_address>
         <size>0x2c</size>
         <input_file_ref idref="fl-155"/>
      </object_component>
      <object_component id="oc-172">
         <name>.debug_pubnames</name>
         <load_address>0x659</load_address>
         <run_address>0x659</run_address>
         <size>0x2b</size>
         <input_file_ref idref="fl-155"/>
      </object_component>
      <object_component id="oc-178">
         <name>.debug_pubnames</name>
         <load_address>0x684</load_address>
         <run_address>0x684</run_address>
         <size>0x27</size>
         <input_file_ref idref="fl-155"/>
      </object_component>
      <object_component id="oc-17f">
         <name>.debug_pubnames</name>
         <load_address>0x6ab</load_address>
         <run_address>0x6ab</run_address>
         <size>0x1f</size>
         <input_file_ref idref="fl-2"/>
      </object_component>
      <object_component id="oc-185">
         <name>.debug_pubnames</name>
         <load_address>0x6ca</load_address>
         <run_address>0x6ca</run_address>
         <size>0x22</size>
         <input_file_ref idref="fl-2"/>
      </object_component>
      <object_component id="oc-18b">
         <name>.debug_pubnames</name>
         <load_address>0x6ec</load_address>
         <run_address>0x6ec</run_address>
         <size>0x22</size>
         <input_file_ref idref="fl-2"/>
      </object_component>
      <object_component id="oc-191">
         <name>.debug_pubnames</name>
         <load_address>0x70e</load_address>
         <run_address>0x70e</run_address>
         <size>0x22</size>
         <input_file_ref idref="fl-2"/>
      </object_component>
      <object_component id="oc-198">
         <name>.debug_pubnames</name>
         <load_address>0x730</load_address>
         <run_address>0x730</run_address>
         <size>0x25</size>
         <input_file_ref idref="fl-152"/>
      </object_component>
      <object_component id="oc-19e">
         <name>.debug_pubnames</name>
         <load_address>0x755</load_address>
         <run_address>0x755</run_address>
         <size>0x20</size>
         <input_file_ref idref="fl-154"/>
      </object_component>
      <object_component id="oc-1a4">
         <name>.debug_pubnames</name>
         <load_address>0x775</load_address>
         <run_address>0x775</run_address>
         <size>0x23</size>
         <input_file_ref idref="fl-152"/>
      </object_component>
      <object_component id="oc-1aa">
         <name>.debug_pubnames</name>
         <load_address>0x798</load_address>
         <run_address>0x798</run_address>
         <size>0x22</size>
         <input_file_ref idref="fl-152"/>
      </object_component>
      <object_component id="oc-1b0">
         <name>.debug_pubnames</name>
         <load_address>0x7ba</load_address>
         <run_address>0x7ba</run_address>
         <size>0x27</size>
         <input_file_ref idref="fl-155"/>
      </object_component>
      <object_component id="oc-1b6">
         <name>.debug_pubnames</name>
         <load_address>0x7e1</load_address>
         <run_address>0x7e1</run_address>
         <size>0x25</size>
         <input_file_ref idref="fl-155"/>
      </object_component>
      <object_component id="oc-1bc">
         <name>.debug_pubnames</name>
         <load_address>0x806</load_address>
         <run_address>0x806</run_address>
         <size>0x26</size>
         <input_file_ref idref="fl-155"/>
      </object_component>
      <object_component id="oc-1c7">
         <name>.debug_pubnames</name>
         <load_address>0x82c</load_address>
         <run_address>0x82c</run_address>
         <size>0x39</size>
         <input_file_ref idref="fl-14e"/>
      </object_component>
      <object_component id="oc-1cc">
         <name>.debug_pubnames</name>
         <load_address>0x865</load_address>
         <run_address>0x865</run_address>
         <size>0x23</size>
         <input_file_ref idref="fl-149"/>
      </object_component>
      <object_component id="oc-1d1">
         <name>.debug_pubnames</name>
         <load_address>0x888</load_address>
         <run_address>0x888</run_address>
         <size>0x1d</size>
         <input_file_ref idref="fl-14d"/>
      </object_component>
      <object_component id="oc-1d7">
         <name>.debug_pubnames</name>
         <load_address>0x8a5</load_address>
         <run_address>0x8a5</run_address>
         <size>0x26</size>
         <input_file_ref idref="fl-144"/>
      </object_component>
      <object_component id="oc-1dc">
         <name>.debug_pubnames</name>
         <load_address>0x8cb</load_address>
         <run_address>0x8cb</run_address>
         <size>0x23</size>
         <input_file_ref idref="fl-146"/>
      </object_component>
      <object_component id="oc-1e1">
         <name>.debug_pubnames</name>
         <load_address>0x8ee</load_address>
         <run_address>0x8ee</run_address>
         <size>0x23</size>
         <input_file_ref idref="fl-145"/>
      </object_component>
      <object_component id="oc-1e6">
         <name>.debug_pubnames</name>
         <load_address>0x911</load_address>
         <run_address>0x911</run_address>
         <size>0x27</size>
         <input_file_ref idref="fl-144"/>
      </object_component>
      <object_component id="oc-1eb">
         <name>.debug_pubnames</name>
         <load_address>0x938</load_address>
         <run_address>0x938</run_address>
         <size>0x23</size>
[...]
               <logical_group_ref idref="lg-4"/>
            </allocated_space>
            <available_space>
               <start_address>0x2a2a</start_address>
               <size>0x2</size>
            </available_space>
            <allocated_space>
               <start_address>0x2a2c</start_address>
               <size>0x2cc</size>
               <logical_group_ref idref="lg-5"/>
            </allocated_space>
            <allocated_space>
               <start_address>0x2cf8</start_address>
               <size>0x48</size>
               <logical_group_ref idref="lg-6"/>
            </allocated_space>
            <available_space>
               <start_address>0x2d40</start_address>
               <size>0x3d2c0</size>
            </available_space>
         </usage_details>
      </memory_area>
      <memory_area display="yes" color="green">
         <name>SRAM</name>
         <page_id>0x0</page_id>
         <origin>0x20000000</origin>
         <length>0x8000</length>
         <used_space>0xa54</used_space>
         <unused_space>0x75ac</unused_space>
         <attributes>RWX</attributes>
         <usage_details>
            <allocated_space>
               <start_address>0x20000000</start_address>
               <size>0x26c</size>
               <logical_group_ref idref="lg-9"/>
            </allocated_space>
            <allocated_space>
               <start_address>0x2000026c</start_address>
               <size>0x7d0</size>
               <logical_group_ref idref="lg-d"/>
            </allocated_space>
            <allocated_space>
               <start_address>0x20000a3c</start_address>
               <size>0x14</size>
               <logical_group_ref idref="lg-a"/>
            </allocated_space>
            <allocated_space>
               <start_address>0x20000a50</start_address>
               <size>0x4</size>
               <logical_group_ref idref="lg-b"/>
            </allocated_space>
            <available_space>
               <start_address>0x20000a54</start_address>
               <size>0x75ac</size>
            </available_space>
         </usage_details>
      </memory_area>
   </placement_map>
   <cptbl_list>
      <cptbl>
         <name>__TI_cinit_table</name>
         <cprec>
            <name>.data</name>
            <load_address>0x2cf8</load_address>
            <load_size>0xf</load_size>
            <run_address>0x20000a3c</run_address>
            <run_size>0x14</run_size>
            <compression>rle</compression>
         </cprec>
         <cprec>
            <name>.bss</name>
            <load_address>0x2d18</load_address>
            <load_size>0x8</load_size>
            <run_address>0x20000a50</run_address>
            <run_size>0x4</run_size>
            <compression>zero_init</compression>
         </cprec>
         <cprec>
            <name>.vtable</name>
            <load_address>0x2d20</load_address>
            <load_size>0x8</load_size>
            <run_address>0x20000000</run_address>
            <run_size>0x26c</run_size>
            <compression>zero_init</compression>
         </cprec>
      </cptbl>
   </cptbl_list>
   <handler_table>
      <handler_table_name>__TI_handler_table</handler_table_name>
      <handler>
         <index>0x0</index>
         <name>__TI_zero_init</name>
      </handler>
      <handler>
         <index>0x1</index>
         <name>__TI_decompress_rle24</name>
      </handler>
      <handler>
         <index>0x2</index>
         <name>__TI_decompress_none</name>
      </handler>
   </handler_table>
   <symbol_table>
      <symbol id="sm-1">
         <name>__STACK_TOP</name>
         <value>0x2000036c</value>
      </symbol>
      <symbol id="sm-2">
         <name>__TI_CINIT_Base</name>
         <value>0x2d28</value>
      </symbol>
      <symbol id="sm-3">
         <name>__TI_CINIT_Limit</name>
         <value>0x2d40</value>
      </symbol>
      <symbol id="sm-4">
         <name>__TI_Handler_Table_Base</name>
         <value>0x2d08</value>
      </symbol>
      <symbol id="sm-5">
         <name>__TI_Handler_Table_Limit</name>
         <value>0x2d14</value>
      </symbol>
      <symbol id="sm-6">
         <name>binit</name>
         <value>0xffffffff</value>
      </symbol>
      <symbol id="sm-7">
         <name>__binit__</name>
         <value>0xffffffff</value>
      </symbol>
      <symbol id="sm-8">
         <name>__STACK_SIZE</name>
         <value>0x7d0</value>
      </symbol>
      <symbol id="sm-9">
         <name>__STACK_END</name>
         <value>0x20000a3c</value>
      </symbol>
      <symbol id="sm-a">
         <name>__c_args__</name>
         <value>0xffffffff</value>
      </symbol>
      <symbol id="sm-a0">
         <name>SCCBreadByte</name>
         <value>0x1c79</value>
         <object_component_ref idref="oc-253"/>
      </symbol>
      <symbol id="sm-a1">
         <name>InitSCCB</name>
         <value>0x2769</value>
         <object_component_ref idref="oc-17c"/>
      </symbol>
      <symbol id="sm-a2">
         <name>startSCCB</name>
         <value>0x1da5</value>
         <object_component_ref idref="oc-23c"/>
      </symbol>
      <symbol id="sm-a3">
         <name>OV7670_init</name>
         <value>0x24fd</value>
         <object_component_ref idref="oc-188"/>
      </symbol>
      <symbol id="sm-a4">
         <name>SCCBwriteByte</name>
         <value>0x1a35</value>
         <object_component_ref idref="oc-242"/>
      </symbol>
      <symbol id="sm-a5">
         <name>change_reg</name>
         <value>0x2cd8</value>
         <object_component_ref idref="oc-24f"/>
      </symbol>
      <symbol id="sm-a6">
         <name>stopSCCB</name>
         <value>0x21f5</value>
         <object_component_ref idref="oc-248"/>
      </symbol>
      <symbol id="sm-a7">
         <name>noAck</name>
         <value>0x1fc1</value>
         <object_component_ref idref="oc-259"/>
      </symbol>
      <symbol id="sm-a8">
         <name>rdOV7670Reg</name>
         <value>0x20b1</value>
         <object_component_ref idref="oc-18e"/>
      </symbol>
      <symbol id="sm-a9">
         <name>wrOV7670Reg</name>
         <value>0x23cd</value>
         <object_component_ref idref="oc-182"/>
      </symbol>
      <symbol id="sm-bd">
         <name>delay_s</name>
         <value>0x2139</value>
         <object_component_ref idref="oc-ac"/>
      </symbol>
      <symbol id="sm-be">
         <name>camaraArray</name>
         <value>0x2147</value>
         <object_component_ref idref="oc-ac"/>
      </symbol>
      <symbol id="sm-13f">
         <name>pulsos</name>
         <value>0x20000a50</value>
      </symbol>
      <symbol id="sm-140">
         <name>configura</name>
         <value>0x160d</value>
         <object_component_ref idref="oc-11b"/>
      </symbol>
      <symbol id="sm-141">
         <name>usartPrintf</name>
         <value>0x272d</value>
         <object_component_ref idref="oc-8f"/>
      </symbol>
      <symbol id="sm-142">
         <name>configuraInt</name>
         <value>0x1725</value>
         <object_component_ref idref="oc-127"/>
      </symbol>
      <symbol id="sm-143">
         <name>main</name>
         <value>0x218d</value>
         <object_component_ref idref="oc-d0"/>
      </symbol>
      <symbol id="sm-144">
         <name>IntGPIOf</name>
         <value>0x241d</value>
         <object_component_ref idref="oc-4d"/>
      </symbol>
      <symbol id="sm-145">
         <name>Timer0IntHandler</name>
         <value>0x2809</value>
         <object_component_ref idref="oc-41"/>
      </symbol>
      <symbol id="sm-146">
         <name>Timer1IntHandler</name>
         <value>0x261d</value>
         <object_component_ref idref="oc-47"/>
      </symbol>
      <symbol id="sm-147">
         <name>configOV7670</name>
         <value>0x1f41</value>
         <object_component_ref idref="oc-121"/>
      </symbol>
      <symbol id="sm-178">
         <name>ResetISR</name>
         <value>0x2a15</value>
         <object_component_ref idref="oc-29"/>
      </symbol>
      <symbol id="sm-179">
         <name>g_pfnVectors</name>
         <value>0x0</value>
         <object_component_ref idref="oc-e"/>
      </symbol>
      <symbol id="sm-189">
         <name>_c_int00</name>
         <value>0x2545</value>
         <object_component_ref idref="oc-11"/>
      </symbol>
      <symbol id="sm-18a">
         <name>__stack</name>
         <value>0x2000026c</value>
         <object_component_ref idref="oc-28"/>
      </symbol>
      <symbol id="sm-1a1">
         <name>__TI_decompress_none</name>
         <value>0x29e5</value>
         <object_component_ref idref="oc-16"/>
      </symbol>
      <symbol id="sm-1c5">
         <name>__TI_decompress_rle24</name>
         <value>0x2a21</value>
         <object_component_ref idref="oc-22"/>
      </symbol>
      <symbol id="sm-1de">
         <name>__TI_zero_init</name>
         <value>0x2997</value>
         <object_component_ref idref="oc-1c"/>
      </symbol>
      <symbol id="sm-1fd">
         <name>C$$EXIT</name>
         <value>0x26a5</value>
         <object_component_ref idref="oc-61"/>
      </symbol>
      <symbol id="sm-1fe">
         <name>abort</name>
         <value>0x26a9</value>
         <object_component_ref idref="oc-61"/>
      </symbol>
      <symbol id="sm-1ff">
         <name>exit</name>
         <value>0x26b1</value>
         <object_component_ref idref="oc-61"/>
      </symbol>
      <symbol id="sm-200">
         <name>__TI_dtors_ptr</name>
         <value>0x20000a48</value>
         <object_component_ref idref="oc-db"/>
      </symbol>
      <symbol id="sm-201">
         <name>__TI_cleanup_ptr</name>
         <value>0x20000a44</value>
         <object_component_ref idref="oc-db"/>
      </symbol>
      <symbol id="sm-21c">
         <name>memcpy</name>
         <value>0x1bdd</value>
         <object_component_ref idref="oc-6b"/>
      </symbol>
      <symbol id="sm-21d">
         <name>__aeabi_memcpy</name>
         <value>0x1bdd</value>
         <object_component_ref idref="oc-6b"/>
      </symbol>
      <symbol id="sm-21e">
         <name>__aeabi_memcpy8</name>
         <value>0x1bdd</value>
         <object_component_ref idref="oc-6b"/>
      </symbol>
      <symbol id="sm-21f">
         <name>__aeabi_memcpy4</name>
         <value>0x1bdd</value>
         <object_component_ref idref="oc-6b"/>
      </symbol>
      <symbol id="sm-227">
         <name>main_func_sp</name>
         <value>0x20000a4c</value>
         <object_component_ref idref="oc-67"/>
      </symbol>
      <symbol id="sm-240">
         <name>vsprintf</name>
         <value>0x25d5</value>
         <object_component_ref idref="oc-f5"/>
      </symbol>
      <symbol id="sm-259">
         <name>_nop</name>
         <value>0x2947</value>
         <object_component_ref idref="oc-13b"/>
      </symbol>
      <symbol id="sm-25a">
         <name>_lock</name>
         <value>0x20000a3c</value>
         <object_component_ref idref="oc-d8"/>
      </symbol>
      <symbol id="sm-25b">
         <name>_unlock</name>
         <value>0x20000a40</value>
         <object_component_ref idref="oc-d8"/>
      </symbol>
      <symbol id="sm-25c">
         <name>_register_lock</name>
         <value>0x293f</value>
         <object_component_ref idref="oc-13b"/>
      </symbol>
      <symbol id="sm-25d">
         <name>_register_unlock</name>
         <value>0x2939</value>
         <object_component_ref idref="oc-13b"/>
      </symbol>
      <symbol id="sm-349">
         <name>__TI_printfi</name>
         <value>0xe23</value>
         <object_component_ref idref="oc-149"/>
      </symbol>
      <symbol id="sm-35d">
         <name>_args_main</name>
         <value>0x2909</value>
         <object_component_ref idref="oc-5b"/>
      </symbol>
      <symbol id="sm-373">
         <name>atoi</name>
         <value>0x2469</value>
         <object_component_ref idref="oc-20e"/>
      </symbol>
      <symbol id="sm-390">
         <name>__TI_auto_init</name>
         <value>0x1d11</value>
         <object_component_ref idref="oc-56"/>
      </symbol>
      <symbol id="sm-3a9">
         <name>copy_in</name>
         <value>0x2661</value>
         <object_component_ref idref="oc-c9"/>
      </symbol>
      <symbol id="sm-3b4">
         <name>_ctypes_</name>
         <value>0x2a2c</value>
         <object_component_ref idref="oc-28f"/>
      </symbol>
      <symbol id="sm-3cb">
         <name>__aeabi_dsub</name>
         <value>0x1321</value>
         <object_component_ref idref="oc-1f8"/>
      </symbol>
      <symbol id="sm-3cc">
         <name>__aeabi_dadd</name>
         <value>0x132b</value>
         <object_component_ref idref="oc-1f8"/>
      </symbol>
      <symbol id="sm-3ee">
         <name>__aeabi_cdcmpeq</name>
         <value>0x1e35</value>
         <object_component_ref idref="oc-1d4"/>
      </symbol>
      <symbol id="sm-3ef">
         <name>__aeabi_cdcmple</name>
         <value>0x1e35</value>
         <object_component_ref idref="oc-1d4"/>
      </symbol>
      <symbol id="sm-3f0">
         <name>__aeabi_cdrcmple</name>
         <value>0x1ebb</value>
         <object_component_ref idref="oc-1e3"/>
      </symbol>
      <symbol id="sm-404">
         <name>__aeabi_ddiv</name>
         <value>0x14d7</value>
         <object_component_ref idref="oc-1de"/>
      </symbol>
      <symbol id="sm-40f">
         <name>__aeabi_dmul</name>
         <value>0x1939</value>
         <object_component_ref idref="oc-1d9"/>
      </symbol>
      <symbol id="sm-419">
         <name>__aeabi_d2iz</name>
         <value>0x258d</value>
         <object_component_ref idref="oc-1e8"/>
      </symbol>
      <symbol id="sm-423">
         <name>__aeabi_i2d</name>
         <value>0x2839</value>
         <object_component_ref idref="oc-1f3"/>
      </symbol>
      <symbol id="sm-42c">
         <name>__aeabi_lmul</name>
         <value>0x2921</value>
         <object_component_ref idref="oc-1c9"/>
      </symbol>
      <symbol id="sm-43b">
         <name>ltoa</name>
         <value>0x231b</value>
         <object_component_ref idref="oc-1ed"/>
      </symbol>
      <symbol id="sm-44b">
         <name>memccpy</name>
         <value>0x28d5</value>
         <object_component_ref idref="oc-208"/>
      </symbol>
      <symbol id="sm-45a">
         <name>__aeabi_memset</name>
         <value>0x203b</value>
         <object_component_ref idref="oc-1fd"/>
      </symbol>
      <symbol id="sm-45b">
         <name>memset</name>
         <value>0x2041</value>
         <object_component_ref idref="oc-1fd"/>
      </symbol>
      <symbol id="sm-45c">
         <name>__aeabi_memset8</name>
         <value>0x203b</value>
         <object_component_ref idref="oc-1fd"/>
      </symbol>
      <symbol id="sm-45d">
         <name>__aeabi_memset4</name>
         <value>0x203b</value>
         <object_component_ref idref="oc-1fd"/>
      </symbol>
      <symbol id="sm-45e">
         <name>__aeabi_memclr8</name>
         <value>0x2039</value>
         <object_component_ref idref="oc-1fd"/>
      </symbol>
      <symbol id="sm-45f">
         <name>__aeabi_memclr4</name>
         <value>0x2039</value>
         <object_component_ref idref="oc-1fd"/>
      </symbol>
      <symbol id="sm-460">
         <name>__aeabi_memclr</name>
         <value>0x2039</value>
         <object_component_ref idref="oc-1fd"/>
      </symbol>
      <symbol id="sm-46e">
         <name>strlen</name>
         <value>0x294d</value>
         <object_component_ref idref="oc-1ce"/>
      </symbol>
      <symbol id="sm-48a">
         <name>__aeabi_uldivmod</name>
         <value>0x112d</value>
         <object_component_ref idref="oc-1c4"/>
      </symbol>
      <symbol id="sm-494">
         <name>_Dclass</name>
         <value>0x29a9</value>
         <object_component_ref idref="oc-202"/>
      </symbol>
      <symbol id="sm-4a6">
         <name>_Dtest</name>
         <value>0x26e9</value>
         <object_component_ref idref="oc-286"/>
      </symbol>
      <symbol id="sm-4c0">
         <name>UARTCharPut</name>
         <value>0x29ff</value>
         <object_component_ref idref="oc-fb"/>
      </symbol>
      <symbol id="sm-4df">
         <name>TimerLoadSet</name>
         <value>0x2985</value>
         <object_component_ref idref="oc-1a1"/>
      </symbol>
      <symbol id="sm-4e0">
         <name>TimerEnable</name>
         <value>0x29d7</value>
         <object_component_ref idref="oc-1a7"/>
      </symbol>
      <symbol id="sm-4e1">
         <name>TimerConfigure</name>
         <value>0x2891</value>
         <object_component_ref idref="oc-195"/>
      </symbol>
      <symbol id="sm-50d">
         <name>SysCtlClockSet</name>
         <value>0x1835</value>
         <object_component_ref idref="oc-15d"/>
      </symbol>
      <symbol id="sm-50e">
         <name>SysCtlDelay</name>
         <value>0x2a1b</value>
         <object_component_ref idref="oc-22b"/>
      </symbol>
      <symbol id="sm-50f">
         <name>SysCtlPeripheralEnable</name>
         <value>0x27d5</value>
         <object_component_ref idref="oc-163"/>
      </symbol>
      <symbol id="sm-549">
         <name>IntEnable</name>
         <value>0x225d</value>
         <object_component_ref idref="oc-19b"/>
      </symbol>
      <symbol id="sm-54a">
         <name>IntRegister</name>
         <value>0x27a1</value>
         <object_component_ref idref="oc-271"/>
      </symbol>
      <symbol id="sm-54b">
         <name>g_pfnRAMVectors</name>
         <value>0x20000000</value>
         <object_component_ref idref="oc-2b1"/>
      </symbol>
      <symbol id="sm-5d3">
         <name>GPIOIntRegister</name>
         <value>0x28f1</value>
         <object_component_ref idref="oc-1b9"/>
      </symbol>
      <symbol id="sm-5d4">
         <name>GPIOPinConfigure</name>
         <value>0x24b5</value>
         <object_component_ref idref="oc-175"/>
      </symbol>
      <symbol id="sm-5d5">
         <name>GPIOIntDisable</name>
         <value>0x29bb</value>
         <object_component_ref idref="oc-a0"/>
      </symbol>
      <symbol id="sm-5d6">
         <name>GPIOIntEnable</name>
         <value>0x29f3</value>
         <object_component_ref idref="oc-b1"/>
      </symbol>
      <symbol id="sm-5d7">
         <name>GPIOIntTypeSet</name>
         <value>0x2375</value>
         <object_component_ref idref="oc-1b3"/>
      </symbol>
      <symbol id="sm-5d8">
         <name>GPIOPinTypeGPIOInput</name>
         <value>0x2961</value>
         <object_component_ref idref="oc-16f"/>
      </symbol>
      <symbol id="sm-5d9">
         <name>GPIOIntClear</name>
         <value>0x2a09</value>
         <object_component_ref idref="oc-a6"/>
      </symbol>
      <symbol id="sm-5da">
         <name>GPIOIntStatus</name>
         <value>0x29c9</value>
         <object_component_ref idref="oc-9a"/>
      </symbol>
      <symbol id="sm-5db">
         <name>GPIOPinTypeGPIOOutput</name>
         <value>0x2973</value>
         <object_component_ref idref="oc-169"/>
      </symbol>
      <symbol id="sm-5dc">
         <name>GPIODirModeSet</name>
         <value>0x2867</value>
         <object_component_ref idref="oc-22f"/>
      </symbol>
      <symbol id="sm-5dd">
         <name>GPIOPinWrite</name>
         <value>0x2a0f</value>
         <object_component_ref idref="oc-12d"/>
      </symbol>
      <symbol id="sm-5de">
         <name>GPIOPadConfigSet</name>
         <value>0x1b25</value>
         <object_component_ref idref="oc-1ad"/>
      </symbol>
      <symbol id="sm-5e0">
         <name>__TI_static_base__</name>
         <value>0x0</value>
      </symbol>
      <symbol id="sm-5e1">
         <name>__TI_args_main</name>
         <value>0x1</value>
      </symbol>
      <symbol id="sm-5e2">
         <name>SHT$$INIT_ARRAY$$Limit</name>
         <value>0x0</value>
      </symbol>
      <symbol id="sm-5e3">
         <name>SHT$$INIT_ARRAY$$Base</name>
         <value>0x0</value>
      </symbol>
   </symbol_table>
   <title>Link successful</title>
</link_info>
