<?xml version="1.0"?>
<link_info>
   <banner>TI ARM Linker Unix v5.2.2</banner>
   <copyright>Copyright (c) 1996-2015 Texas Instruments Incorporated</copyright>
   <link_time>0x5556a154</link_time>
   <link_errors>0x0</link_errors>
   <output_file>project_one.out</output_file>
   <entry_point>
      <name>_c_int00</name>
      <address>0x2bdd</address>
   </entry_point>
   <input_file_list>
      <input_file id="fl-2">
         <path>./</path>
         <kind>object</kind>
         <file>SCCB.obj</file>
         <name>SCCB.obj</name>
      </input_file>
      <input_file id="fl-3">
         <path>./</path>
         <kind>object</kind>
         <file>func.obj</file>
         <name>func.obj</name>
      </input_file>
      <input_file id="fl-4">
         <path>./</path>
         <kind>object</kind>
         <file>lcdTFT.obj</file>
         <name>lcdTFT.obj</name>
      </input_file>
      <input_file id="fl-5">
         <path>./</path>
         <kind>object</kind>
         <file>project0.obj</file>
         <name>project0.obj</name>
      </input_file>
      <input_file id="fl-6">
         <path>./</path>
         <kind>object</kind>
         <file>startup_ccs.obj</file>
         <name>startup_ccs.obj</name>
      </input_file>
      <input_file id="fl-12d">
         <path>/home/kike/programas/Ti/ccsv6/tools/compiler/ti-cgt-arm_5.2.2/lib/</path>
         <kind>archive</kind>
         <file>rtsv7M4_T_le_v4SPD16_eabi.lib</file>
         <name>boot.obj</name>
      </input_file>
      <input_file id="fl-12e">
         <path>/home/kike/programas/Ti/ccsv6/tools/compiler/ti-cgt-arm_5.2.2/lib/</path>
         <kind>archive</kind>
         <file>rtsv7M4_T_le_v4SPD16_eabi.lib</file>
         <name>copy_decompress_none.obj</name>
      </input_file>
      <input_file id="fl-12f">
         <path>/home/kike/programas/Ti/ccsv6/tools/compiler/ti-cgt-arm_5.2.2/lib/</path>
         <kind>archive</kind>
         <file>rtsv7M4_T_le_v4SPD16_eabi.lib</file>
         <name>copy_decompress_rle.obj</name>
      </input_file>
      <input_file id="fl-130">
         <path>/home/kike/programas/Ti/ccsv6/tools/compiler/ti-cgt-arm_5.2.2/lib/</path>
         <kind>archive</kind>
         <file>rtsv7M4_T_le_v4SPD16_eabi.lib</file>
         <name>copy_zero_init.obj</name>
      </input_file>
      <input_file id="fl-131">
         <path>/home/kike/programas/Ti/ccsv6/tools/compiler/ti-cgt-arm_5.2.2/lib/</path>
         <kind>archive</kind>
         <file>rtsv7M4_T_le_v4SPD16_eabi.lib</file>
         <name>exit.obj</name>
      </input_file>
      <input_file id="fl-132">
         <path>/home/kike/programas/Ti/ccsv6/tools/compiler/ti-cgt-arm_5.2.2/lib/</path>
         <kind>archive</kind>
         <file>rtsv7M4_T_le_v4SPD16_eabi.lib</file>
         <name>memcpy_t2.obj</name>
      </input_file>
      <input_file id="fl-133">
         <path>/home/kike/programas/Ti/ccsv6/tools/compiler/ti-cgt-arm_5.2.2/lib/</path>
         <kind>archive</kind>
         <file>rtsv7M4_T_le_v4SPD16_eabi.lib</file>
         <name>memset_t2.obj</name>
      </input_file>
      <input_file id="fl-134">
         <path>/home/kike/programas/Ti/ccsv6/tools/compiler/ti-cgt-arm_5.2.2/lib/</path>
         <kind>archive</kind>
         <file>rtsv7M4_T_le_v4SPD16_eabi.lib</file>
         <name>pre_init.obj</name>
      </input_file>
      <input_file id="fl-135">
         <path>/home/kike/programas/Ti/ccsv6/tools/compiler/ti-cgt-arm_5.2.2/lib/</path>
         <kind>archive</kind>
         <file>rtsv7M4_T_le_v4SPD16_eabi.lib</file>
         <name>stkdepth_vars.obj</name>
      </input_file>
      <input_file id="fl-136">
         <path>/home/kike/programas/Ti/ccsv6/tools/compiler/ti-cgt-arm_5.2.2/lib/</path>
         <kind>archive</kind>
         <file>rtsv7M4_T_le_v4SPD16_eabi.lib</file>
         <name>vsprintf.obj</name>
      </input_file>
      <input_file id="fl-137">
         <path>/home/kike/programas/Ti/ccsv6/tools/compiler/ti-cgt-arm_5.2.2/lib/</path>
         <kind>archive</kind>
         <file>rtsv7M4_T_le_v4SPD16_eabi.lib</file>
         <name>_lock.obj</name>
      </input_file>
      <input_file id="fl-138">
         <path>/home/kike/programas/Ti/ccsv6/tools/compiler/ti-cgt-arm_5.2.2/lib/</path>
         <kind>archive</kind>
         <file>rtsv7M4_T_le_v4SPD16_eabi.lib</file>
         <name>_printfi.obj</name>
      </input_file>
      <input_file id="fl-139">
         <path>/home/kike/programas/Ti/ccsv6/tools/compiler/ti-cgt-arm_5.2.2/lib/</path>
         <kind>archive</kind>
         <file>rtsv7M4_T_le_v4SPD16_eabi.lib</file>
         <name>args_main.obj</name>
      </input_file>
      <input_file id="fl-13a">
         <path>/home/kike/programas/Ti/ccsv6/tools/compiler/ti-cgt-arm_5.2.2/lib/</path>
         <kind>archive</kind>
         <file>rtsv7M4_T_le_v4SPD16_eabi.lib</file>
         <name>atoi.obj</name>
      </input_file>
      <input_file id="fl-13b">
         <path>/home/kike/programas/Ti/ccsv6/tools/compiler/ti-cgt-arm_5.2.2/lib/</path>
         <kind>archive</kind>
         <file>rtsv7M4_T_le_v4SPD16_eabi.lib</file>
         <name>autoinit.obj</name>
      </input_file>
      <input_file id="fl-13c">
         <path>/home/kike/programas/Ti/ccsv6/tools/compiler/ti-cgt-arm_5.2.2/lib/</path>
         <kind>archive</kind>
         <file>rtsv7M4_T_le_v4SPD16_eabi.lib</file>
         <name>cpy_tbl.obj</name>
      </input_file>
      <input_file id="fl-13d">
         <path>/home/kike/programas/Ti/ccsv6/tools/compiler/ti-cgt-arm_5.2.2/lib/</path>
         <kind>archive</kind>
         <file>rtsv7M4_T_le_v4SPD16_eabi.lib</file>
         <name>ctype.obj</name>
      </input_file>
      <input_file id="fl-13e">
         <path>/home/kike/programas/Ti/ccsv6/tools/compiler/ti-cgt-arm_5.2.2/lib/</path>
         <kind>archive</kind>
         <file>rtsv7M4_T_le_v4SPD16_eabi.lib</file>
         <name>fd_add_t2.obj</name>
      </input_file>
      <input_file id="fl-13f">
         <path>/home/kike/programas/Ti/ccsv6/tools/compiler/ti-cgt-arm_5.2.2/lib/</path>
         <kind>archive</kind>
         <file>rtsv7M4_T_le_v4SPD16_eabi.lib</file>
         <name>fd_cmp_t2.obj</name>
      </input_file>
      <input_file id="fl-140">
         <path>/home/kike/programas/Ti/ccsv6/tools/compiler/ti-cgt-arm_5.2.2/lib/</path>
         <kind>archive</kind>
         <file>rtsv7M4_T_le_v4SPD16_eabi.lib</file>
         <name>fd_div_t2.obj</name>
      </input_file>
      <input_file id="fl-141">
         <path>/home/kike/programas/Ti/ccsv6/tools/compiler/ti-cgt-arm_5.2.2/lib/</path>
         <kind>archive</kind>
         <file>rtsv7M4_T_le_v4SPD16_eabi.lib</file>
         <name>fd_mul_t2.obj</name>
      </input_file>
      <input_file id="fl-142">
         <path>/home/kike/programas/Ti/ccsv6/tools/compiler/ti-cgt-arm_5.2.2/lib/</path>
         <kind>archive</kind>
         <file>rtsv7M4_T_le_v4SPD16_eabi.lib</file>
         <name>fd_toi_t2.obj</name>
      </input_file>
      <input_file id="fl-143">
         <path>/home/kike/programas/Ti/ccsv6/tools/compiler/ti-cgt-arm_5.2.2/lib/</path>
         <kind>archive</kind>
         <file>rtsv7M4_T_le_v4SPD16_eabi.lib</file>
         <name>frexp.obj</name>
      </input_file>
      <input_file id="fl-144">
         <path>/home/kike/programas/Ti/ccsv6/tools/compiler/ti-cgt-arm_5.2.2/lib/</path>
         <kind>archive</kind>
         <file>rtsv7M4_T_le_v4SPD16_eabi.lib</file>
         <name>i_tofd_t2.obj</name>
      </input_file>
      <input_file id="fl-145">
         <path>/home/kike/programas/Ti/ccsv6/tools/compiler/ti-cgt-arm_5.2.2/lib/</path>
         <kind>archive</kind>
         <file>rtsv7M4_T_le_v4SPD16_eabi.lib</file>
         <name>ldexp.obj</name>
      </input_file>
      <input_file id="fl-146">
         <path>/home/kike/programas/Ti/ccsv6/tools/compiler/ti-cgt-arm_5.2.2/lib/</path>
         <kind>archive</kind>
         <file>rtsv7M4_T_le_v4SPD16_eabi.lib</file>
         <name>ltoa.obj</name>
      </input_file>
      <input_file id="fl-147">
         <path>/home/kike/programas/Ti/ccsv6/tools/compiler/ti-cgt-arm_5.2.2/lib/</path>
         <kind>archive</kind>
         <file>rtsv7M4_T_le_v4SPD16_eabi.lib</file>
         <name>memccpy.obj</name>
      </input_file>
      <input_file id="fl-148">
         <path>/home/kike/programas/Ti/ccsv6/tools/compiler/ti-cgt-arm_5.2.2/lib/</path>
         <kind>archive</kind>
         <file>rtsv7M4_T_le_v4SPD16_eabi.lib</file>
         <name>strchr.obj</name>
      </input_file>
      <input_file id="fl-149">
         <path>/home/kike/programas/Ti/ccsv6/tools/compiler/ti-cgt-arm_5.2.2/lib/</path>
         <kind>archive</kind>
         <file>rtsv7M4_T_le_v4SPD16_eabi.lib</file>
         <name>strlen.obj</name>
      </input_file>
      <input_file id="fl-14a">
         <path>/home/kike/programas/Ti/ccsv6/tools/compiler/ti-cgt-arm_5.2.2/lib/</path>
         <kind>archive</kind>
         <file>rtsv7M4_T_le_v4SPD16_eabi.lib</file>
         <name>ull_div_t2.obj</name>
      </input_file>
      <input_file id="fl-14b">
         <path>/home/kike/programas/Ti/ccsv6/tools/compiler/ti-cgt-arm_5.2.2/lib/</path>
         <kind>archive</kind>
         <file>rtsv7M4_T_le_v4SPD16_eabi.lib</file>
         <name>xdclass.obj</name>
      </input_file>
      <input_file id="fl-14c">
         <path>/home/kike/programas/Ti/ccsv6/tools/compiler/ti-cgt-arm_5.2.2/lib/</path>
         <kind>archive</kind>
         <file>rtsv7M4_T_le_v4SPD16_eabi.lib</file>
         <name>xdscale.obj</name>
      </input_file>
      <input_file id="fl-14d">
         <path>/home/kike/programas/Ti/ccsv6/tools/compiler/ti-cgt-arm_5.2.2/lib/</path>
         <kind>archive</kind>
         <file>rtsv7M4_T_le_v4SPD16_eabi.lib</file>
         <name>xdunscal.obj</name>
      </input_file>
      <input_file id="fl-14e">
         <path>/home/kike/programas/Ti/ccsv6/tools/compiler/ti-cgt-arm_5.2.2/lib/</path>
         <kind>archive</kind>
         <file>rtsv7M4_T_le_v4SPD16_eabi.lib</file>
         <name>xferaise.obj</name>
      </input_file>
      <input_file id="fl-14f">
         <path>/home/kike/programas/Ti/ccsv6/tools/compiler/ti-cgt-arm_5.2.2/lib/</path>
         <kind>archive</kind>
         <file>rtsv7M4_T_le_v4SPD16_eabi.lib</file>
         <name>xvalues.obj</name>
      </input_file>
      <input_file id="fl-150">
         <path>/home/kike/programas/Ti/ccsv6/tools/compiler/ti-cgt-arm_5.2.2/lib/</path>
         <kind>archive</kind>
         <file>rtsv7M4_T_le_v4SPD16_eabi.lib</file>
         <name>errno.obj</name>
      </input_file>
      <input_file id="fl-151">
         <path>/home/kike/programas/Ti/ccsv6/tools/compiler/ti-cgt-arm_5.2.2/lib/</path>
         <kind>archive</kind>
         <file>rtsv7M4_T_le_v4SPD16_eabi.lib</file>
         <name>feraiseexcept.obj</name>
      </input_file>
      <input_file id="fl-152">
         <path>/home/kike/programas/Ti/ccsv6/tools/compiler/ti-cgt-arm_5.2.2/lib/</path>
         <kind>archive</kind>
         <file>rtsv7M4_T_le_v4SPD16_eabi.lib</file>
         <name>raise.obj</name>
      </input_file>
      <input_file id="fl-153">
         <path>/home/kike/programas/Ti/ccsv6/tools/compiler/ti-cgt-arm_5.2.2/lib/</path>
         <kind>archive</kind>
         <file>rtsv7M4_T_le_v4SPD16_eabi.lib</file>
         <name>signal.obj</name>
      </input_file>
      <input_file id="fl-154">
         <path>/home/kike/programas/Ti/ccsv6/tools/compiler/ti-cgt-arm_5.2.2/lib/</path>
         <kind>archive</kind>
         <file>rtsv7M4_T_le_v4SPD16_eabi.lib</file>
         <name>xdnorm.obj</name>
      </input_file>
      <input_file id="fl-155">
         <path>/home/kike/programas/Ti/tiva c series TM4C123GXL/examples/boards/ek-tm4c123gxl/project0/ccs/../../../../../driverlib/ccs/Debug/</path>
         <kind>archive</kind>
         <file>driverlib.lib</file>
         <name>uart.obj</name>
      </input_file>
      <input_file id="fl-156">
         <path>/home/kike/programas/Ti/tiva c series TM4C123GXL/examples/boards/ek-tm4c123gxl/project0/ccs/../../../../../driverlib/ccs/Debug/</path>
         <kind>archive</kind>
         <file>driverlib.lib</file>
         <name>sysctl.obj</name>
      </input_file>
      <input_file id="fl-157">
         <path>/home/kike/programas/Ti/tiva c series TM4C123GXL/examples/boards/ek-tm4c123gxl/project0/ccs/../../../../../driverlib/ccs/Debug/</path>
         <kind>archive</kind>
         <file>driverlib.lib</file>
         <name>interrupt.obj</name>
      </input_file>
      <input_file id="fl-158">
         <path>/home/kike/programas/Ti/tiva c series TM4C123GXL/examples/boards/ek-tm4c123gxl/project0/ccs/../../../../../driverlib/ccs/Debug/</path>
         <kind>archive</kind>
         <file>driverlib.lib</file>
         <name>gpio.obj</name>
      </input_file>
      <input_file id="fl-159">
         <path>/home/kike/programas/Ti/tiva c series TM4C123GXL/examples/boards/ek-tm4c123gxl/project0/ccs/../../../../../driverlib/ccs/Debug/</path>
         <kind>archive</kind>
         <file>driverlib.lib</file>
         <name>cpu.obj</name>
      </input_file>
   </input_file_list>
   <object_component_list>
      <object_component id="oc-f">
         <name>.intvecs</name>
         <load_address>0x0</load_address>
         <run_address>0x0</run_address>
         <size>0x26c</size>
         <input_file_ref idref="fl-6"/>
      </object_component>
      <object_component id="oc-202">
         <name>.text</name>
         <load_address>0x26c</load_address>
         <run_address>0x26c</run_address>
         <size>0x10ba</size>
         <input_file_ref idref="fl-138"/>
      </object_component>
      <object_component id="oc-36">
         <name>.text:FaultISR</name>
         <load_address>0x1326</load_address>
         <run_address>0x1326</run_address>
         <size>0x2</size>
         <input_file_ref idref="fl-6"/>
      </object_component>
      <object_component id="oc-129">
         <name>.text:init_tft</name>
         <load_address>0x1328</load_address>
         <run_address>0x1328</run_address>
         <size>0x3b0</size>
         <input_file_ref idref="fl-4"/>
      </object_component>
      <object_component id="oc-24e">
         <name>.text</name>
         <load_address>0x16d8</load_address>
         <run_address>0x16d8</run_address>
         <size>0x1f4</size>
         <input_file_ref idref="fl-14a"/>
      </object_component>
      <object_component id="oc-27d">
         <name>.text</name>
         <load_address>0x18cc</load_address>
         <run_address>0x18cc</run_address>
         <size>0x1b6</size>
         <input_file_ref idref="fl-13e"/>
      </object_component>
      <object_component id="oc-263">
         <name>.text</name>
         <load_address>0x1a82</load_address>
         <run_address>0x1a82</run_address>
         <size>0x136</size>
         <input_file_ref idref="fl-140"/>
      </object_component>
      <object_component id="oc-117">
         <name>.text:configura</name>
         <load_address>0x1bb8</load_address>
         <run_address>0x1bb8</run_address>
         <size>0x128</size>
         <input_file_ref idref="fl-5"/>
      </object_component>
      <object_component id="oc-2f6">
         <name>.text</name>
         <load_address>0x1ce0</load_address>
         <run_address>0x1ce0</run_address>
         <size>0x110</size>
         <input_file_ref idref="fl-14c"/>
      </object_component>
      <object_component id="oc-162">
         <name>.text:SysCtlClockSet</name>
         <load_address>0x1df0</load_address>
         <run_address>0x1df0</run_address>
         <size>0x104</size>
         <input_file_ref idref="fl-156"/>
      </object_component>
      <object_component id="oc-25e">
         <name>.text</name>
         <load_address>0x1ef4</load_address>
         <run_address>0x1ef4</run_address>
         <size>0xfc</size>
         <input_file_ref idref="fl-141"/>
      </object_component>
      <object_component id="oc-216">
         <name>.text:SCCBwriteByte</name>
         <load_address>0x1ff0</load_address>
         <run_address>0x1ff0</run_address>
         <size>0xd4</size>
         <input_file_ref idref="fl-2"/>
      </object_component>
      <object_component id="oc-325">
         <name>.text</name>
         <load_address>0x20c4</load_address>
         <run_address>0x20c4</run_address>
         <size>0xbe</size>
         <input_file_ref idref="fl-154"/>
      </object_component>
      <object_component id="oc-1d4">
         <name>.text:GPIOPadConfigSet</name>
         <load_address>0x2182</load_address>
         <run_address>0x2182</run_address>
         <size>0xb8</size>
         <input_file_ref idref="fl-158"/>
      </object_component>
      <object_component id="oc-57">
         <name>.text</name>
         <load_address>0x223a</load_address>
         <run_address>0x223a</run_address>
         <size>0x9c</size>
         <input_file_ref idref="fl-132"/>
      </object_component>
      <object_component id="oc-3c">
         <name>.text:IntDefaultHandler</name>
         <load_address>0x22d6</load_address>
         <run_address>0x22d6</run_address>
         <size>0x2</size>
         <input_file_ref idref="fl-6"/>
      </object_component>
      <object_component id="oc-135">
         <name>.text:configuraInt</name>
         <load_address>0x22d8</load_address>
         <run_address>0x22d8</run_address>
         <size>0x90</size>
         <input_file_ref idref="fl-5"/>
      </object_component>
      <object_component id="oc-2c6">
         <name>.text:SCCBreadByte</name>
         <load_address>0x2368</load_address>
         <run_address>0x2368</run_address>
         <size>0x88</size>
         <input_file_ref idref="fl-2"/>
      </object_component>
      <object_component id="oc-259">
         <name>.text:__aeabi_cdcmple</name>
         <load_address>0x23f0</load_address>
         <run_address>0x23f0</run_address>
         <size>0x86</size>
         <input_file_ref idref="fl-13f"/>
      </object_component>
      <object_component id="oc-268">
         <name>.text:__aeabi_cdrcmple</name>
         <load_address>0x2476</load_address>
         <run_address>0x2476</run_address>
         <size>0x86</size>
         <input_file_ref idref="fl-13f"/>
      </object_component>
      <object_component id="oc-210">
         <name>.text:startSCCB</name>
         <load_address>0x24fc</load_address>
         <run_address>0x24fc</run_address>
         <size>0x7c</size>
         <input_file_ref idref="fl-2"/>
      </object_component>
      <object_component id="oc-70">
         <name>.text</name>
         <load_address>0x2578</load_address>
         <run_address>0x2578</run_address>
         <size>0x7a</size>
         <input_file_ref idref="fl-133"/>
      </object_component>
      <object_component id="oc-30">
         <name>.text:NmiSR</name>
         <load_address>0x25f2</load_address>
         <run_address>0x25f2</run_address>
         <size>0x2</size>
         <input_file_ref idref="fl-6"/>
      </object_component>
      <object_component id="oc-1a7">
         <name>.text:OV7670_init</name>
         <load_address>0x25f4</load_address>
         <run_address>0x25f4</run_address>
         <size>0x74</size>
         <input_file_ref idref="fl-2"/>
      </object_component>
      <object_component id="oc-de">
         <name>.text:main</name>
         <load_address>0x2668</load_address>
         <run_address>0x2668</run_address>
         <size>0x74</size>
         <input_file_ref idref="fl-5"/>
      </object_component>
      <object_component id="oc-13b">
         <name>.text:wrImage</name>
         <load_address>0x26dc</load_address>
         <run_address>0x26dc</run_address>
         <size>0x70</size>
         <input_file_ref idref="fl-4"/>
      </object_component>
      <object_component id="oc-223">
         <name>.text:rdOV7670Reg</name>
         <load_address>0x274c</load_address>
         <run_address>0x274c</run_address>
         <size>0x6c</size>
         <input_file_ref idref="fl-2"/>
      </object_component>
      <object_component id="oc-82">
         <name>.text</name>
         <load_address>0x27b8</load_address>
         <run_address>0x27b8</run_address>
         <size>0x6c</size>
         <input_file_ref idref="fl-13b"/>
      </object_component>
      <object_component id="oc-a2">
         <name>.text</name>
         <load_address>0x2824</load_address>
         <run_address>0x2824</run_address>
         <size>0x6a</size>
         <input_file_ref idref="fl-3"/>
      </object_component>
      <object_component id="oc-63">
         <name>.text</name>
         <load_address>0x288e</load_address>
         <run_address>0x288e</run_address>
         <size>0x6a</size>
         <input_file_ref idref="fl-12f"/>
      </object_component>
      <object_component id="oc-2cc">
         <name>.text:noAck</name>
         <load_address>0x28f8</load_address>
         <run_address>0x28f8</run_address>
         <size>0x68</size>
         <input_file_ref idref="fl-2"/>
      </object_component>
      <object_component id="oc-2ee">
         <name>.text</name>
         <load_address>0x2960</load_address>
         <run_address>0x2960</run_address>
         <size>0x66</size>
         <input_file_ref idref="fl-14d"/>
      </object_component>
      <object_component id="oc-241">
         <name>.text:IntEnable</name>
         <load_address>0x29c8</load_address>
         <run_address>0x29c8</run_address>
         <size>0x60</size>
         <input_file_ref idref="fl-157"/>
      </object_component>
      <object_component id="oc-21c">
         <name>.text:stopSCCB</name>
         <load_address>0x2a28</load_address>
         <run_address>0x2a28</run_address>
         <size>0x5c</size>
         <input_file_ref idref="fl-2"/>
      </object_component>
      <object_component id="oc-1c1">
         <name>.text:setaddress_tft</name>
         <load_address>0x2a84</load_address>
         <run_address>0x2a84</run_address>
         <size>0x58</size>
         <input_file_ref idref="fl-4"/>
      </object_component>
      <object_component id="oc-1da">
         <name>.text:GPIOIntTypeSet</name>
         <load_address>0x2adc</load_address>
         <run_address>0x2adc</run_address>
         <size>0x56</size>
         <input_file_ref idref="fl-158"/>
      </object_component>
      <object_component id="oc-272">
         <name>.text</name>
         <load_address>0x2b32</load_address>
         <run_address>0x2b32</run_address>
         <size>0x56</size>
         <input_file_ref idref="fl-146"/>
      </object_component>
      <object_component id="oc-288">
         <name>.text</name>
         <load_address>0x2b88</load_address>
         <run_address>0x2b88</run_address>
         <size>0x52</size>
         <input_file_ref idref="fl-145"/>
      </object_component>
      <object_component id="oc-24">
         <name>.text</name>
         <load_address>0x2bdc</load_address>
         <run_address>0x2bdc</run_address>
         <size>0x50</size>
         <input_file_ref idref="fl-12d"/>
      </object_component>
      <object_component id="oc-1a1">
         <name>.text:wrOV7670Reg</name>
         <load_address>0x2c2c</load_address>
         <run_address>0x2c2c</run_address>
         <size>0x4e</size>
         <input_file_ref idref="fl-2"/>
      </object_component>
      <object_component id="oc-12f">
         <name>.text:clear_tft</name>
         <load_address>0x2c7a</load_address>
         <run_address>0x2c7a</run_address>
         <size>0x4c</size>
         <input_file_ref idref="fl-4"/>
      </object_component>
      <object_component id="oc-2a0">
         <name>.text</name>
         <load_address>0x2cc8</load_address>
         <run_address>0x2cc8</run_address>
         <size>0x4c</size>
         <input_file_ref idref="fl-13a"/>
      </object_component>
      <object_component id="oc-d6">
         <name>.text</name>
         <load_address>0x2d14</load_address>
         <run_address>0x2d14</run_address>
         <size>0x4c</size>
         <input_file_ref idref="fl-13c"/>
      </object_component>
      <object_component id="oc-123">
         <name>.text:configOV7670</name>
         <load_address>0x2d60</load_address>
         <run_address>0x2d60</run_address>
         <size>0x4a</size>
         <input_file_ref idref="fl-5"/>
      </object_component>
      <object_component id="oc-180">
         <name>.text:GPIOPinConfigure</name>
         <load_address>0x2dac</load_address>
         <run_address>0x2dac</run_address>
         <size>0x48</size>
         <input_file_ref idref="fl-158"/>
      </object_component>
      <object_component id="oc-26d">
         <name>.text</name>
         <load_address>0x2df4</load_address>
         <run_address>0x2df4</run_address>
         <size>0x48</size>
         <input_file_ref idref="fl-142"/>
      </object_component>
      <object_component id="oc-187">
         <name>.text</name>
         <load_address>0x2e3c</load_address>
         <run_address>0x2e3c</run_address>
         <size>0x48</size>
         <input_file_ref idref="fl-136"/>
      </object_component>
      <object_component id="oc-8e">
         <name>.text</name>
         <load_address>0x2e84</load_address>
         <run_address>0x2e84</run_address>
         <size>0x44</size>
         <input_file_ref idref="fl-131"/>
      </object_component>
      <object_component id="oc-368">
         <name>.text</name>
         <load_address>0x2ec8</load_address>
         <run_address>0x2ec8</run_address>
         <size>0x40</size>
         <input_file_ref idref="fl-153"/>
      </object_component>
      <object_component id="oc-42">
         <name>.text:IntGPIOD</name>
         <load_address>0x2f08</load_address>
         <run_address>0x2f08</run_address>
         <size>0x3c</size>
         <input_file_ref idref="fl-5"/>
      </object_component>
      <object_component id="oc-11d">
         <name>.text:usartPrintf</name>
         <load_address>0x2f44</load_address>
         <run_address>0x2f44</run_address>
         <size>0x3c</size>
         <input_file_ref idref="fl-5"/>
      </object_component>
      <object_component id="oc-1c7">
         <name>.text:spitrans</name>
         <load_address>0x2f80</load_address>
         <run_address>0x2f80</run_address>
         <size>0x38</size>
         <input_file_ref idref="fl-4"/>
      </object_component>
      <object_component id="oc-19b">
         <name>.text:InitSCCB</name>
         <load_address>0x2fb8</load_address>
         <run_address>0x2fb8</run_address>
         <size>0x34</size>
         <input_file_ref idref="fl-2"/>
      </object_component>
      <object_component id="oc-23b">
         <name>.text:IntRegister</name>
         <load_address>0x2fec</load_address>
         <run_address>0x2fec</run_address>
         <size>0x34</size>
         <input_file_ref idref="fl-157"/>
      </object_component>
      <object_component id="oc-168">
         <name>.text:SysCtlPeripheralEnable</name>
         <load_address>0x3020</load_address>
         <run_address>0x3020</run_address>
         <size>0x34</size>
         <input_file_ref idref="fl-156"/>
      </object_component>
      <object_component id="oc-334">
         <name>.text</name>
         <load_address>0x3054</load_address>
         <run_address>0x3054</run_address>
         <size>0x34</size>
         <input_file_ref idref="fl-151"/>
      </object_component>
      <object_component id="oc-1b4">
         <name>.text:comand_tft</name>
         <load_address>0x3088</load_address>
         <run_address>0x3088</run_address>
         <size>0x30</size>
         <input_file_ref idref="fl-4"/>
      </object_component>
      <object_component id="oc-1ba">
         <name>.text:data_tft</name>
         <load_address>0x30b8</load_address>
         <run_address>0x30b8</run_address>
         <size>0x30</size>
         <input_file_ref idref="fl-4"/>
      </object_component>
      <object_component id="oc-294">
         <name>.text</name>
         <load_address>0x30e8</load_address>
         <run_address>0x30e8</run_address>
         <size>0x30</size>
         <input_file_ref idref="fl-14b"/>
      </object_component>
      <object_component id="oc-2fc">
         <name>.text</name>
         <load_address>0x3118</load_address>
         <run_address>0x3118</run_address>
         <size>0x30</size>
         <input_file_ref idref="fl-14e"/>
      </object_component>
      <object_component id="oc-278">
         <name>.text</name>
         <load_address>0x3148</load_address>
         <run_address>0x3148</run_address>
         <size>0x2e</size>
         <input_file_ref idref="fl-144"/>
      </object_component>
      <object_component id="oc-358">
         <name>.text</name>
         <load_address>0x3176</load_address>
         <run_address>0x3176</run_address>
         <size>0x2e</size>
         <input_file_ref idref="fl-152"/>
      </object_component>
      <object_component id="oc-1f6">
         <name>.text:GPIODirModeSet</name>
         <load_address>0x31a4</load_address>
         <run_address>0x31a4</run_address>
         <size>0x2a</size>
         <input_file_ref idref="fl-158"/>
      </object_component>
      <object_component id="oc-282">
         <name>.text</name>
         <load_address>0x31ce</load_address>
         <run_address>0x31ce</run_address>
         <size>0x2a</size>
         <input_file_ref idref="fl-143"/>
      </object_component>
      <object_component id="oc-4e">
         <name>.text:IntGPIOf</name>
         <load_address>0x31f8</load_address>
         <run_address>0x31f8</run_address>
         <size>0x20</size>
         <input_file_ref idref="fl-5"/>
      </object_component>
      <object_component id="oc-16e">
         <name>.text:SysCtlGPIOAHBEnable</name>
         <load_address>0x3218</load_address>
         <run_address>0x3218</run_address>
         <size>0x1c</size>
         <input_file_ref idref="fl-156"/>
      </object_component>
      <object_component id="oc-48">
         <name>.text:Timer1IntHandler</name>
         <load_address>0x3234</load_address>
         <run_address>0x3234</run_address>
         <size>0x1c</size>
         <input_file_ref idref="fl-5"/>
      </object_component>
      <object_component id="oc-235">
         <name>.text:_GPIOIntNumberGet</name>
         <load_address>0x3250</load_address>
         <run_address>0x3250</run_address>
         <size>0x1c</size>
         <input_file_ref idref="fl-158"/>
      </object_component>
      <object_component id="oc-29a">
         <name>.text</name>
         <load_address>0x326c</load_address>
         <run_address>0x326c</run_address>
         <size>0x1c</size>
         <input_file_ref idref="fl-147"/>
      </object_component>
      <object_component id="oc-1e0">
         <name>.text:GPIOIntRegister</name>
         <load_address>0x3288</load_address>
         <run_address>0x3288</run_address>
         <size>0x18</size>
         <input_file_ref idref="fl-158"/>
      </object_component>
      <object_component id="oc-88">
         <name>.text</name>
         <load_address>0x32a0</load_address>
         <run_address>0x32a0</run_address>
         <size>0x18</size>
         <input_file_ref idref="fl-139"/>
      </object_component>
      <object_component id="oc-28e">
         <name>.text</name>
         <load_address>0x32b8</load_address>
         <run_address>0x32b8</run_address>
         <size>0x16</size>
         <input_file_ref idref="fl-148"/>
      </object_component>
      <object_component id="oc-149">
         <name>.text</name>
         <load_address>0x32d0</load_address>
         <run_address>0x32d0</run_address>
         <size>0x14</size>
         <input_file_ref idref="fl-137"/>
      </object_component>
      <object_component id="oc-253">
         <name>.text</name>
         <load_address>0x32e4</load_address>
         <run_address>0x32e4</run_address>
         <size>0x14</size>
         <input_file_ref idref="fl-149"/>
      </object_component>
      <object_component id="oc-17a">
         <name>.text:GPIOPinTypeGPIOInput</name>
         <load_address>0x32f8</load_address>
         <run_address>0x32f8</run_address>
         <size>0x12</size>
         <input_file_ref idref="fl-158"/>
      </object_component>
      <object_component id="oc-174">
         <name>.text:GPIOPinTypeGPIOOutput</name>
         <load_address>0x330a</load_address>
         <run_address>0x330a</run_address>
         <size>0x12</size>
         <input_file_ref idref="fl-158"/>
      </object_component>
      <object_component id="oc-1ce">
         <name>.text:GPIOIntDisable</name>
         <load_address>0x331c</load_address>
         <run_address>0x331c</run_address>
         <size>0xe</size>
         <input_file_ref idref="fl-158"/>
      </object_component>
      <object_component id="oc-9c">
         <name>.text:GPIOIntStatus</name>
         <load_address>0x332a</load_address>
         <run_address>0x332a</run_address>
         <size>0xe</size>
         <input_file_ref idref="fl-158"/>
      </object_component>
      <object_component id="oc-12">
         <name>.text:decompress:none</name>
         <load_address>0x3338</load_address>
         <run_address>0x3338</run_address>
         <size>0xe</size>
         <input_file_ref idref="fl-12e"/>
      </object_component>
      <object_component id="oc-1e6">
         <name>.text:GPIOIntEnable</name>
         <load_address>0x3346</load_address>
         <run_address>0x3346</run_address>
         <size>0xc</size>
         <input_file_ref idref="fl-158"/>
      </object_component>
      <object_component id="oc-1e">
         <name>.text:decompress:ZI</name>
         <load_address>0x3352</load_address>
         <run_address>0x3352</run_address>
         <size>0xc</size>
         <input_file_ref idref="fl-130"/>
      </object_component>
      <object_component id="oc-18d">
         <name>.text:UARTCharPut</name>
         <load_address>0x335e</load_address>
         <run_address>0x335e</run_address>
         <size>0xa</size>
         <input_file_ref idref="fl-155"/>
      </object_component>
      <object_component id="oc-a7">
         <name>.text:GPIOIntClear</name>
         <load_address>0x3368</load_address>
         <run_address>0x3368</run_address>
         <size>0x6</size>
         <input_file_ref idref="fl-158"/>
      </object_component>
      <object_component id="oc-2be">
         <name>.text:GPIOPinRead</name>
         <load_address>0x336e</load_address>
         <run_address>0x336e</run_address>
         <size>0x6</size>
         <input_file_ref idref="fl-158"/>
      </object_component>
      <object_component id="oc-1ae">
         <name>.text:GPIOPinWrite</name>
         <load_address>0x3374</load_address>
         <run_address>0x3374</run_address>
         <size>0x6</size>
         <input_file_ref idref="fl-158"/>
      </object_component>
      <object_component id="oc-2a">
         <name>.text:ResetISR</name>
         <load_address>0x337a</load_address>
         <run_address>0x337a</run_address>
         <size>0x6</size>
         <input_file_ref idref="fl-6"/>
      </object_component>
      <object_component id="oc-1f1">
         <name>.text:SysCtlDelay</name>
         <load_address>0x3380</load_address>
         <run_address>0x3380</run_address>
         <size>0x6</size>
         <input_file_ref idref="fl-156"/>
      </object_component>
      <object_component id="oc-18">
         <name>.text:decompress:rle24</name>
         <load_address>0x3386</load_address>
         <run_address>0x3386</run_address>
         <size>0x6</size>
         <input_file_ref idref="fl-12f"/>
      </object_component>
      <object_component id="oc-7c">
         <name>.text</name>
         <load_address>0x338c</load_address>
         <run_address>0x338c</run_address>
         <size>0x4</size>
         <input_file_ref idref="fl-134"/>
      </object_component>
      <object_component id="oc-30a">
         <name>.const:.string:_ctypes_</name>
         <load_address>0x3390</load_address>
         <run_address>0x3390</run_address>
         <size>0x101</size>
         <input_file_ref idref="fl-13d"/>
      </object_component>
      <object_component id="oc-2d5">
         <name>.const:g_ppui32GPIOIntMapBlizzard</name>
         <load_address>0x3494</load_address>
         <run_address>0x3494</run_address>
         <size>0xc0</size>
         <input_file_ref idref="fl-158"/>
      </object_component>
      <object_component id="oc-1fe">
         <name>.const:g_pui32GPIOBaseAddrs</name>
         <load_address>0x3554</load_address>
         <run_address>0x3554</run_address>
         <size>0x78</size>
         <input_file_ref idref="fl-158"/>
      </object_component>
      <object_component id="oc-2de">
         <name>.const</name>
         <load_address>0x35cc</load_address>
         <run_address>0x35cc</run_address>
         <size>0x70</size>
         <input_file_ref idref="fl-157"/>
      </object_component>
      <object_component id="oc-229">
         <name>.const</name>
         <load_address>0x363c</load_address>
         <run_address>0x363c</run_address>
         <size>0x20</size>
         <input_file_ref idref="fl-2"/>
      </object_component>
      <object_component id="oc-3af">
         <name>.cinit..data.load</name>
         <load_address>0x3660</load_address>
         <run_address>0x3660</run_address>
         <size>0x41</size>
      </object_component>
      <object_component id="oc-3ac">
         <name>__TI_handler_table</name>
         <load_address>0x36a4</load_address>
         <run_address>0x36a4</run_address>
         <size>0xc</size>
      </object_component>
      <object_component id="oc-3b0">
         <name>.cinit..bss.load</name>
         <load_address>0x36b0</load_address>
         <run_address>0x36b0</run_address>
         <size>0x8</size>
      </object_component>
      <object_component id="oc-3ae">
         <name>.cinit..vtable.load</name>
         <load_address>0x36b8</load_address>
         <run_address>0x36b8</run_address>
         <size>0x8</size>
      </object_component>
      <object_component id="oc-3ad">
         <name>__TI_cinit_table</name>
         <load_address>0x36c0</load_address>
         <run_address>0x36c0</run_address>
         <size>0x18</size>
      </object_component>
      <object_component id="oc-2d9">
         <name>.vtable</name>
         <uninitialized>true</uninitialized>
         <run_address>0x20000000</run_address>
         <size>0x26c</size>
         <input_file_ref idref="fl-157"/>
      </object_component>
      <object_component id="oc-29">
         <name>.stack</name>
         <uninitialized>true</uninitialized>
         <run_address>0x200027ec</run_address>
         <size>0x0</size>
         <input_file_ref idref="fl-12d"/>
      </object_component>
      <object_component id="oc-3b1">
         <name>.stack</name>
         <uninitialized>true</uninitialized>
         <run_address>0x200027ec</run_address>
         <size>0x0</size>
      </object_component>
      <object_component id="oc-b0">
         <name>.bss:matriz</name>
         <uninitialized>true</uninitialized>
         <run_address>0x2000026c</run_address>
         <size>0x2580</size>
         <input_file_ref idref="fl-4"/>
      </object_component>
      <object_component id="oc-ad">
         <name>.data</name>
         <load_address>0x20003110</load_address>
         <run_address>0x20003110</run_address>
         <size>0x1</size>
         <input_file_ref idref="fl-5"/>
      </object_component>
      <object_component id="oc-e9">
         <name>.data</name>
         <load_address>0x200030f8</load_address>
         <run_address>0x200030f8</run_address>
         <size>0x8</size>
         <input_file_ref idref="fl-131"/>
      </object_component>
      <object_component id="oc-94">
         <name>.data</name>
         <load_address>0x2000310c</load_address>
         <run_address>0x2000310c</run_address>
         <size>0x4</size>
         <input_file_ref idref="fl-135"/>
      </object_component>
      <object_component id="oc-e6">
         <name>.data</name>
         <load_address>0x200030f0</load_address>
         <run_address>0x200030f0</run_address>
         <size>0x8</size>
         <input_file_ref idref="fl-137"/>
      </object_component>
      <object_component id="oc-32f">
         <name>.data</name>
         <load_address>0x20003070</load_address>
         <run_address>0x20003070</run_address>
         <size>0x80</size>
         <input_file_ref idref="fl-14f"/>
      </object_component>
      <object_component id="oc-33a">
         <name>.data</name>
         <load_address>0x20003108</load_address>
         <run_address>0x20003108</run_address>
         <size>0x4</size>
         <input_file_ref idref="fl-150"/>
      </object_component>
      <object_component id="oc-35e">
         <name>.data</name>
         <load_address>0x20003100</load_address>
         <run_address>0x20003100</run_address>
         <size>0x8</size>
         <input_file_ref idref="fl-151"/>
      </object_component>
      <object_component id="oc-379">
         <name>.data:sigtable</name>
         <load_address>0x20002fc0</load_address>
         <run_address>0x20002fc0</run_address>
         <size>0xb0</size>
         <input_file_ref idref="fl-153"/>
      </object_component>
      <object_component id="oc-20e">
         <name>.debug_info</name>
         <load_address>0x0</load_address>
         <run_address>0x0</run_address>
         <size>0x234</size>
         <input_file_ref idref="fl-2"/>
      </object_component>
      <object_component id="oc-22a">
         <name>.debug_info</name>
         <load_address>0x234</load_address>
         <run_address>0x234</run_address>
         <size>0xd1</size>
         <input_file_ref idref="fl-2"/>
      </object_component>
      <object_component id="oc-211">
         <name>.debug_info</name>
         <load_address>0x305</load_address>
         <run_address>0x305</run_address>
         <size>0x17d</size>
         <input_file_ref idref="fl-2"/>
      </object_component>
      <object_component id="oc-217">
         <name>.debug_info</name>
         <load_address>0x482</load_address>
         <run_address>0x482</run_address>
         <size>0x215</size>
         <input_file_ref idref="fl-2"/>
      </object_component>
      <object_component id="oc-21d">
         <name>.debug_info</name>
         <load_address>0x697</load_address>
         <run_address>0x697</run_address>
         <size>0x15a</size>
         <input_file_ref idref="fl-2"/>
      </object_component>
      <object_component id="oc-1a2">
         <name>.debug_info</name>
         <load_address>0x7f1</load_address>
         <run_address>0x7f1</run_address>
         <size>0x1ba</size>
         <input_file_ref idref="fl-2"/>
      </object_component>
      <object_component id="oc-2c7">
         <name>.debug_info</name>
         <load_address>0x9ab</load_address>
         <run_address>0x9ab</run_address>
         <size>0x19d</size>
         <input_file_ref idref="fl-2"/>
      </object_component>
      <object_component id="oc-2cd">
         <name>.debug_info</name>
         <load_address>0xb48</load_address>
         <run_address>0xb48</run_address>
         <size>0x159</size>
         <input_file_ref idref="fl-2"/>
      </object_component>
      <object_component id="oc-224">
         <name>.debug_info</name>
         <load_address>0xca1</load_address>
         <run_address>0xca1</run_address>
         <size>0x1ff</size>
         <input_file_ref idref="fl-2"/>
      </object_component>
      <object_component id="oc-19c">
         <name>.debug_info</name>
         <load_address>0xea0</load_address>
         <run_address>0xea0</run_address>
         <size>0x152</size>
         <input_file_ref idref="fl-2"/>
      </object_component>
      <object_component id="oc-1a8">
         <name>.debug_info</name>
         <load_address>0xff2</load_address>
         <run_address>0xff2</run_address>
         <size>0x171</size>
         <input_file_ref idref="fl-2"/>
      </object_component>
      <object_component id="oc-b8">
         <name>.debug_info</name>
         <load_address>0x1163</load_address>
         <run_address>0x1163</run_address>
         <size>0x84</size>
         <input_file_ref idref="fl-2"/>
      </object_component>
      <object_component id="oc-bd">
         <name>.debug_info</name>
         <load_address>0x11e7</load_address>
         <run_address>0x11e7</run_address>
         <size>0x18b</size>
         <input_file_ref idref="fl-2"/>
      </object_component>
      <object_component id="oc-196">
         <name>.debug_info</name>
         <load_address>0x1372</load_address>
         <run_address>0x1372</run_address>
         <size>0x4e</size>
         <input_file_ref idref="fl-2"/>
      </object_component>
      <object_component id="oc-a3">
         <name>.debug_info</name>
         <load_address>0x13c0</load_address>
         <run_address>0x13c0</run_address>
         <size>0xe7</size>
         <input_file_ref idref="fl-3"/>
      </object_component>
      <object_component id="oc-108">
         <name>.debug_info</name>
         <load_address>0x14a7</load_address>
         <run_address>0x14a7</run_address>
         <size>0x15e</size>
         <input_file_ref idref="fl-4"/>
      </object_component>
      <object_component id="oc-b1">
         <name>.debug_info</name>
         <load_address>0x1605</load_address>
         <run_address>0x1605</run_address>
         <size>0xcb</size>
         <input_file_ref idref="fl-4"/>
      </object_component>
      <object_component id="oc-1c8">
         <name>.debug_info</name>
         <load_address>0x16d0</load_address>
         <run_address>0x16d0</run_address>
         <size>0x14e</size>
         <input_file_ref idref="fl-4"/>
      </object_component>
      <object_component id="oc-1b5">
         <name>.debug_info</name>
         <load_address>0x181e</load_address>
         <run_address>0x181e</run_address>
         <size>0x177</size>
         <input_file_ref idref="fl-4"/>
      </object_component>
      <object_component id="oc-1bb">
         <name>.debug_info</name>
         <load_address>0x1995</load_address>
         <run_address>0x1995</run_address>
         <size>0x167</size>
         <input_file_ref idref="fl-4"/>
      </object_component>
      <object_component id="oc-1c2">
         <name>.debug_info</name>
         <load_address>0x1afc</load_address>
         <run_address>0x1afc</run_address>
         <size>0x21c</size>
         <input_file_ref idref="fl-4"/>
      </object_component>
      <object_component id="oc-13c">
         <name>.debug_info</name>
         <load_address>0x1d18</load_address>
         <run_address>0x1d18</run_address>
         <size>0x188</size>
         <input_file_ref idref="fl-4"/>
      </object_component>
      <object_component id="oc-130">
         <name>.debug_info</name>
         <load_address>0x1ea0</load_address>
         <run_address>0x1ea0</run_address>
         <size>0x16b</size>
         <input_file_ref idref="fl-4"/>
      </object_component>
      <object_component id="oc-12a">
         <name>.debug_info</name>
         <load_address>0x200b</load_address>
         <run_address>0x200b</run_address>
         <size>0x732</size>
         <input_file_ref idref="fl-4"/>
      </object_component>
      <object_component id="oc-194">
         <name>.debug_info</name>
         <load_address>0x273d</load_address>
         <run_address>0x273d</run_address>
         <size>0x545</size>
         <input_file_ref idref="fl-5"/>
      </object_component>
      <object_component id="oc-ae">
         <name>.debug_info</name>
         <load_address>0x2c82</load_address>
         <run_address>0x2c82</run_address>
         <size>0xcb</size>
         <input_file_ref idref="fl-5"/>
      </object_component>
      <object_component id="oc-11e">
         <name>.debug_info</name>
         <load_address>0x2d4d</load_address>
         <run_address>0x2d4d</run_address>
         <size>0x185</size>
         <input_file_ref idref="fl-5"/>
      </object_component>
      <object_component id="oc-43">
         <name>.debug_info</name>
         <load_address>0x2ed2</load_address>
         <run_address>0x2ed2</run_address>
         <size>0x13c</size>
         <input_file_ref idref="fl-5"/>
      </object_component>
      <object_component id="oc-118">
         <name>.debug_info</name>
         <load_address>0x300e</load_address>
         <run_address>0x300e</run_address>
         <size>0x2a2</size>
         <input_file_ref idref="fl-5"/>
      </object_component>
      <object_component id="oc-124">
         <name>.debug_info</name>
         <load_address>0x32b0</load_address>
         <run_address>0x32b0</run_address>
         <size>0x162</size>
         <input_file_ref idref="fl-5"/>
      </object_component>
      <object_component id="oc-136">
         <name>.debug_info</name>
         <load_address>0x3412</load_address>
         <run_address>0x3412</run_address>
         <size>0x224</size>
         <input_file_ref idref="fl-5"/>
      </object_component>
      <object_component id="oc-df">
         <name>.debug_info</name>
         <load_address>0x3636</load_address>
         <run_address>0x3636</run_address>
         <size>0x18a</size>
         <input_file_ref idref="fl-5"/>
      </object_component>
      <object_component id="oc-49">
         <name>.debug_info</name>
         <load_address>0x37c0</load_address>
         <run_address>0x37c0</run_address>
         <size>0x11a</size>
         <input_file_ref idref="fl-5"/>
      </object_component>
      <object_component id="oc-4f">
         <name>.debug_info</name>
         <load_address>0x38da</load_address>
         <run_address>0x38da</run_address>
         <size>0x12a</size>
         <input_file_ref idref="fl-5"/>
      </object_component>
      <object_component id="oc-101">
         <name>.debug_info</name>
         <load_address>0x3a04</load_address>
         <run_address>0x3a04</run_address>
         <size>0x8b</size>
         <input_file_ref idref="fl-5"/>
      </object_component>
      <object_component id="oc-56">
         <name>.debug_info</name>
         <load_address>0x3a8f</load_address>
         <run_address>0x3a8f</run_address>
         <size>0x14f</size>
         <input_file_ref idref="fl-6"/>
      </object_component>
      <object_component id="oc-10">
         <name>.debug_info</name>
         <load_address>0x3bde</load_address>
         <run_address>0x3bde</run_address>
         <size>0xdc</size>
         <input_file_ref idref="fl-6"/>
      </object_component>
      <object_component id="oc-2b">
         <name>.debug_info</name>
         <load_address>0x3cba</load_address>
         <run_address>0x3cba</run_address>
         <size>0x10c</size>
         <input_file_ref idref="fl-6"/>
      </object_component>
      <object_component id="oc-31">
         <name>.debug_info</name>
         <load_address>0x3dc6</load_address>
         <run_address>0x3dc6</run_address>
         <size>0xfb</size>
         <input_file_ref idref="fl-6"/>
      </object_component>
      <object_component id="oc-3d">
         <name>.debug_info</name>
         <load_address>0x3ec1</load_address>
         <run_address>0x3ec1</run_address>
         <size>0x115</size>
         <input_file_ref idref="fl-6"/>
      </object_component>
      <object_component id="oc-37">
         <name>.debug_info</name>
         <load_address>0x3fd6</load_address>
         <run_address>0x3fd6</run_address>
         <size>0x103</size>
         <input_file_ref idref="fl-6"/>
      </object_component>
      <object_component id="oc-26">
         <name>.debug_info</name>
         <load_address>0x40d9</load_address>
         <run_address>0x40d9</run_address>
         <size>0x138</size>
         <input_file_ref idref="fl-12d"/>
      </object_component>
      <object_component id="oc-62">
         <name>.debug_info</name>
         <load_address>0x4211</load_address>
         <run_address>0x4211</run_address>
         <size>0x123</size>
         <input_file_ref idref="fl-12e"/>
      </object_component>
      <object_component id="oc-13">
         <name>.debug_info</name>
         <load_address>0x4334</load_address>
         <run_address>0x4334</run_address>
         <size>0x1c2</size>
         <input_file_ref idref="fl-12e"/>
      </object_component>
      <object_component id="oc-5d">
         <name>.debug_info</name>
         <load_address>0x44f6</load_address>
         <run_address>0x44f6</run_address>
         <size>0x46</size>
         <input_file_ref idref="fl-12e"/>
      </object_component>
      <object_component id="oc-c3">
         <name>.debug_info</name>
         <load_address>0x453c</load_address>
         <run_address>0x453c</run_address>
         <size>0x2c</size>
         <input_file_ref idref="fl-12e"/>
      </object_component>
      <object_component id="oc-6a">
         <name>.debug_info</name>
         <load_address>0x4568</load_address>
         <run_address>0x4568</run_address>
         <size>0x117</size>
         <input_file_ref idref="fl-12f"/>
      </object_component>
      <object_component id="oc-64">
         <name>.debug_info</name>
         <load_address>0x467f</load_address>
         <run_address>0x467f</run_address>
         <size>0x22a</size>
         <input_file_ref idref="fl-12f"/>
      </object_component>
      <object_component id="oc-19">
         <name>.debug_info</name>
         <load_address>0x48a9</load_address>
         <run_address>0x48a9</run_address>
         <size>0x1bc</size>
         <input_file_ref idref="fl-12f"/>
      </object_component>
      <object_component id="oc-6b">
         <name>.debug_info</name>
         <load_address>0x4a65</load_address>
         <run_address>0x4a65</run_address>
         <size>0x39</size>
         <input_file_ref idref="fl-12f"/>
      </object_component>
      <object_component id="oc-cd">
         <name>.debug_info</name>
         <load_address>0x4a9e</load_address>
         <run_address>0x4a9e</run_address>
         <size>0x2c</size>
         <input_file_ref idref="fl-12f"/>
      </object_component>
      <object_component id="oc-7b">
         <name>.debug_info</name>
         <load_address>0x4aca</load_address>
         <run_address>0x4aca</run_address>
         <size>0x112</size>
         <input_file_ref idref="fl-130"/>
      </object_component>
      <object_component id="oc-1f">
         <name>.debug_info</name>
         <load_address>0x4bdc</load_address>
         <run_address>0x4bdc</run_address>
         <size>0x18d</size>
         <input_file_ref idref="fl-130"/>
      </object_component>
      <object_component id="oc-76">
         <name>.debug_info</name>
         <load_address>0x4d69</load_address>
         <run_address>0x4d69</run_address>
         <size>0x46</size>
         <input_file_ref idref="fl-130"/>
      </object_component>
      <object_component id="oc-ed">
         <name>.debug_info</name>
         <load_address>0x4daf</load_address>
         <run_address>0x4daf</run_address>
         <size>0x174</size>
         <input_file_ref idref="fl-131"/>
      </object_component>
      <object_component id="oc-ea">
         <name>.debug_info</name>
         <load_address>0x4f23</load_address>
         <run_address>0x4f23</run_address>
         <size>0x119</size>
         <input_file_ref idref="fl-131"/>
      </object_component>
      <object_component id="oc-8f">
         <name>.debug_info</name>
         <load_address>0x503c</load_address>
         <run_address>0x503c</run_address>
         <size>0x1f0</size>
         <input_file_ref idref="fl-131"/>
      </object_component>
      <object_component id="oc-58">
         <name>.debug_info</name>
         <load_address>0x522c</load_address>
         <run_address>0x522c</run_address>
         <size>0xfa</size>
         <input_file_ref idref="fl-132"/>
      </object_component>
      <object_component id="oc-71">
         <name>.debug_info</name>
         <load_address>0x5326</load_address>
         <run_address>0x5326</run_address>
         <size>0x12a</size>
         <input_file_ref idref="fl-133"/>
      </object_component>
      <object_component id="oc-7d">
         <name>.debug_info</name>
         <load_address>0x5450</load_address>
         <run_address>0x5450</run_address>
         <size>0x12b</size>
         <input_file_ref idref="fl-134"/>
      </object_component>
      <object_component id="oc-95">
         <name>.debug_info</name>
         <load_address>0x557b</load_address>
         <run_address>0x557b</run_address>
         <size>0xec</size>
         <input_file_ref idref="fl-135"/>
      </object_component>
      <object_component id="oc-209">
         <name>.debug_info</name>
         <load_address>0x5667</load_address>
         <run_address>0x5667</run_address>
         <size>0x1a4</size>
         <input_file_ref idref="fl-136"/>
      </object_component>
      <object_component id="oc-188">
         <name>.debug_info</name>
         <load_address>0x580b</load_address>
         <run_address>0x580b</run_address>
         <size>0x310</size>
         <input_file_ref idref="fl-136"/>
      </object_component>
      <object_component id="oc-2ad">
         <name>.debug_info</name>
         <load_address>0x5b1b</load_address>
         <run_address>0x5b1b</run_address>
         <size>0x2c</size>
         <input_file_ref idref="fl-136"/>
      </object_component>
      <object_component id="oc-151">
         <name>.debug_info</name>
         <load_address>0x5b47</load_address>
         <run_address>0x5b47</run_address>
         <size>0x107</size>
         <input_file_ref idref="fl-137"/>
      </object_component>
      <object_component id="oc-e7">
         <name>.debug_info</name>
         <load_address>0x5c4e</load_address>
         <run_address>0x5c4e</run_address>
         <size>0xf6</size>
         <input_file_ref idref="fl-137"/>
      </object_component>
      <object_component id="oc-14a">
         <name>.debug_info</name>
         <load_address>0x5d44</load_address>
         <run_address>0x5d44</run_address>
         <size>0x202</size>
         <input_file_ref idref="fl-137"/>
      </object_component>
      <object_component id="oc-2a7">
         <name>.debug_info</name>
         <load_address>0x5f46</load_address>
         <run_address>0x5f46</run_address>
         <size>0x3ae</size>
         <input_file_ref idref="fl-138"/>
      </object_component>
      <object_component id="oc-203">
         <name>.debug_info</name>
         <load_address>0x62f4</load_address>
         <run_address>0x62f4</run_address>
         <size>0x1813</size>
         <input_file_ref idref="fl-138"/>
      </object_component>
      <object_component id="oc-2a8">
         <name>.debug_info</name>
         <load_address>0x7b07</load_address>
         <run_address>0x7b07</run_address>
         <size>0x86</size>
         <input_file_ref idref="fl-138"/>
      </object_component>
      <object_component id="oc-311">
         <name>.debug_info</name>
         <load_address>0x7b8d</load_address>
         <run_address>0x7b8d</run_address>
         <size>0x46</size>
         <input_file_ref idref="fl-138"/>
      </object_component>
      <object_component id="oc-2b2">
         <name>.debug_info</name>
         <load_address>0x7bd3</load_address>
         <run_address>0x7bd3</run_address>
         <size>0x39</size>
         <input_file_ref idref="fl-138"/>
      </object_component>
      <object_component id="oc-e5">
         <name>.debug_info</name>
         <load_address>0x7c0c</load_address>
         <run_address>0x7c0c</run_address>
         <size>0x149</size>
         <input_file_ref idref="fl-139"/>
      </object_component>
      <object_component id="oc-89">
         <name>.debug_info</name>
         <load_address>0x7d55</load_address>
         <run_address>0x7d55</run_address>
         <size>0x14a</size>
         <input_file_ref idref="fl-139"/>
      </object_component>
      <object_component id="oc-144">
         <name>.debug_info</name>
         <load_address>0x7e9f</load_address>
         <run_address>0x7e9f</run_address>
         <size>0x5e</size>
         <input_file_ref idref="fl-139"/>
      </object_component>
      <object_component id="oc-30e">
         <name>.debug_info</name>
         <load_address>0x7efd</load_address>
         <run_address>0x7efd</run_address>
         <size>0xf7</size>
         <input_file_ref idref="fl-13a"/>
      </object_component>
      <object_component id="oc-2a1">
         <name>.debug_info</name>
         <load_address>0x7ff4</load_address>
         <run_address>0x7ff4</run_address>
         <size>0x154</size>
         <input_file_ref idref="fl-13a"/>
      </object_component>
      <object_component id="oc-dd">
         <name>.debug_info</name>
         <load_address>0x8148</load_address>
         <run_address>0x8148</run_address>
         <size>0x2a0</size>
         <input_file_ref idref="fl-13b"/>
      </object_component>
      <object_component id="oc-83">
         <name>.debug_info</name>
         <load_address>0x83e8</load_address>
         <run_address>0x83e8</run_address>
         <size>0x15a</size>
         <input_file_ref idref="fl-13b"/>
      </object_component>
      <object_component id="oc-10d">
         <name>.debug_info</name>
         <load_address>0x8542</load_address>
         <run_address>0x8542</run_address>
         <size>0x39</size>
         <input_file_ref idref="fl-13b"/>
      </object_component>
      <object_component id="oc-112">
         <name>.debug_info</name>
         <load_address>0x857b</load_address>
         <run_address>0x857b</run_address>
         <size>0xcd</size>
         <input_file_ref idref="fl-13b"/>
      </object_component>
      <object_component id="oc-10a">
         <name>.debug_info</name>
         <load_address>0x8648</load_address>
         <run_address>0x8648</run_address>
         <size>0x1c3</size>
         <input_file_ref idref="fl-13c"/>
      </object_component>
      <object_component id="oc-d7">
         <name>.debug_info</name>
         <load_address>0x880b</load_address>
         <run_address>0x880b</run_address>
         <size>0x17f</size>
         <input_file_ref idref="fl-13c"/>
      </object_component>
      <object_component id="oc-15d">
         <name>.debug_info</name>
         <load_address>0x898a</load_address>
         <run_address>0x898a</run_address>
         <size>0x2c</size>
         <input_file_ref idref="fl-13c"/>
      </object_component>
      <object_component id="oc-348">
         <name>.debug_info</name>
         <load_address>0x89b6</load_address>
         <run_address>0x89b6</run_address>
         <size>0xd1</size>
         <input_file_ref idref="fl-13d"/>
      </object_component>
      <object_component id="oc-30b">
         <name>.debug_info</name>
         <load_address>0x8a87</load_address>
         <run_address>0x8a87</run_address>
         <size>0xdd</size>
         <input_file_ref idref="fl-13d"/>
      </object_component>
      <object_component id="oc-27e">
         <name>.debug_info</name>
         <load_address>0x8b64</load_address>
         <run_address>0x8b64</run_address>
         <size>0x12d</size>
         <input_file_ref idref="fl-13e"/>
      </object_component>
      <object_component id="oc-25a">
         <name>.debug_info</name>
         <load_address>0x8c91</load_address>
         <run_address>0x8c91</run_address>
         <size>0x109</size>
         <input_file_ref idref="fl-13f"/>
      </object_component>
      <object_component id="oc-269">
         <name>.debug_info</name>
         <load_address>0x8d9a</load_address>
         <run_address>0x8d9a</run_address>
         <size>0x10b</size>
         <input_file_ref idref="fl-13f"/>
      </object_component>
      <object_component id="oc-264">
         <name>.debug_info</name>
         <load_address>0x8ea5</load_address>
         <run_address>0x8ea5</run_address>
         <size>0x11b</size>
         <input_file_ref idref="fl-140"/>
      </object_component>
      <object_component id="oc-25f">
         <name>.debug_info</name>
         <load_address>0x8fc0</load_address>
         <run_address>0x8fc0</run_address>
         <size>0x11b</size>
         <input_file_ref idref="fl-141"/>
      </object_component>
      <object_component id="oc-26e">
         <name>.debug_info</name>
         <load_address>0x90db</load_address>
         <run_address>0x90db</run_address>
         <size>0x10f</size>
         <input_file_ref idref="fl-142"/>
      </object_component>
      <object_component id="oc-2f5">
         <name>.debug_info</name>
         <load_address>0x91ea</load_address>
         <run_address>0x91ea</run_address>
         <size>0x16f</size>
         <input_file_ref idref="fl-143"/>
      </object_component>
      <object_component id="oc-283">
         <name>.debug_info</name>
         <load_address>0x9359</load_address>
         <run_address>0x9359</run_address>
         <size>0x170</size>
         <input_file_ref idref="fl-143"/>
      </object_component>
      <object_component id="oc-27a">
         <name>.debug_info</name>
         <load_address>0x94c9</load_address>
         <run_address>0x94c9</run_address>
         <size>0x10d</size>
         <input_file_ref idref="fl-144"/>
      </object_component>
      <object_component id="oc-303">
         <name>.debug_info</name>
         <load_address>0x95d6</load_address>
         <run_address>0x95d6</run_address>
         <size>0x171</size>
         <input_file_ref idref="fl-145"/>
      </object_component>
      <object_component id="oc-289">
         <name>.debug_info</name>
         <load_address>0x9747</load_address>
         <run_address>0x9747</run_address>
         <size>0x167</size>
         <input_file_ref idref="fl-145"/>
      </object_component>
      <object_component id="oc-2eb">
         <name>.debug_info</name>
         <load_address>0x98ae</load_address>
         <run_address>0x98ae</run_address>
         <size>0x12f</size>
         <input_file_ref idref="fl-146"/>
      </object_component>
      <object_component id="oc-273">
         <name>.debug_info</name>
         <load_address>0x99dd</load_address>
         <run_address>0x99dd</run_address>
         <size>0x1a5</size>
         <input_file_ref idref="fl-146"/>
      </object_component>
      <object_component id="oc-309">
         <name>.debug_info</name>
         <load_address>0x9b82</load_address>
         <run_address>0x9b82</run_address>
         <size>0xd4</size>
         <input_file_ref idref="fl-147"/>
      </object_component>
      <object_component id="oc-29b">
         <name>.debug_info</name>
         <load_address>0x9c56</load_address>
         <run_address>0x9c56</run_address>
         <size>0x18e</size>
         <input_file_ref idref="fl-147"/>
      </object_component>
      <object_component id="oc-305">
         <name>.debug_info</name>
         <load_address>0x9de4</load_address>
         <run_address>0x9de4</run_address>
         <size>0xd8</size>
         <input_file_ref idref="fl-148"/>
      </object_component>
      <object_component id="oc-28f">
         <name>.debug_info</name>
         <load_address>0x9ebc</load_address>
         <run_address>0x9ebc</run_address>
         <size>0x1f7</size>
         <input_file_ref idref="fl-148"/>
      </object_component>
      <object_component id="oc-2e4">
         <name>.debug_info</name>
         <load_address>0xa0b3</load_address>
         <run_address>0xa0b3</run_address>
         <size>0xcd</size>
         <input_file_ref idref="fl-149"/>
      </object_component>
      <object_component id="oc-254">
         <name>.debug_info</name>
         <load_address>0xa180</load_address>
         <run_address>0xa180</run_address>
         <size>0x1dd</size>
         <input_file_ref idref="fl-149"/>
      </object_component>
      <object_component id="oc-24f">
         <name>.debug_info</name>
         <load_address>0xa35d</load_address>
         <run_address>0xa35d</run_address>
         <size>0x168</size>
         <input_file_ref idref="fl-14a"/>
      </object_component>
      <object_component id="oc-307">
         <name>.debug_info</name>
         <load_address>0xa4c5</load_address>
         <run_address>0xa4c5</run_address>
         <size>0x122</size>
         <input_file_ref idref="fl-14b"/>
      </object_component>
      <object_component id="oc-295">
         <name>.debug_info</name>
         <load_address>0xa5e7</load_address>
         <run_address>0xa5e7</run_address>
         <size>0x15d</size>
         <input_file_ref idref="fl-14b"/>
      </object_component>
      <object_component id="oc-333">
         <name>.debug_info</name>
         <load_address>0xa744</load_address>
         <run_address>0xa744</run_address>
         <size>0x182</size>
         <input_file_ref idref="fl-14c"/>
      </object_component>
      <object_component id="oc-2f7">
         <name>.debug_info</name>
         <load_address>0xa8c6</load_address>
         <run_address>0xa8c6</run_address>
         <size>0x194</size>
         <input_file_ref idref="fl-14c"/>
      </object_component>
      <object_component id="oc-351">
         <name>.debug_info</name>
         <load_address>0xaa5a</load_address>
         <run_address>0xaa5a</run_address>
         <size>0x86</size>
         <input_file_ref idref="fl-14c"/>
      </object_component>
      <object_component id="oc-32c">
         <name>.debug_info</name>
         <load_address>0xaae0</load_address>
         <run_address>0xaae0</run_address>
         <size>0x16c</size>
         <input_file_ref idref="fl-14d"/>
      </object_component>
      <object_component id="oc-2ef">
         <name>.debug_info</name>
         <load_address>0xac4c</load_address>
         <run_address>0xac4c</run_address>
         <size>0x175</size>
         <input_file_ref idref="fl-14d"/>
      </object_component>
      <object_component id="oc-2fd">
         <name>.debug_info</name>
         <load_address>0xadc1</load_address>
         <run_address>0xadc1</run_address>
         <size>0x155</size>
         <input_file_ref idref="fl-14e"/>
      </object_component>
      <object_component id="oc-330">
         <name>.debug_info</name>
         <load_address>0xaf16</load_address>
         <run_address>0xaf16</run_address>
         <size>0x1b7</size>
         <input_file_ref idref="fl-14f"/>
      </object_component>
      <object_component id="oc-33b">
         <name>.debug_info</name>
         <load_address>0xb0cd</load_address>
         <run_address>0xb0cd</run_address>
         <size>0xd8</size>
         <input_file_ref idref="fl-150"/>
      </object_component>
      <object_component id="oc-377">
         <name>.debug_info</name>
         <load_address>0xb1a5</load_address>
         <run_address>0xb1a5</run_address>
         <size>0x1af</size>
         <input_file_ref idref="fl-151"/>
      </object_component>
      <object_component id="oc-35f">
         <name>.debug_info</name>
         <load_address>0xb354</load_address>
         <run_address>0xb354</run_address>
         <size>0x110</size>
         <input_file_ref idref="fl-151"/>
      </object_component>
      <object_component id="oc-335">
         <name>.debug_info</name>
         <load_address>0xb464</load_address>
         <run_address>0xb464</run_address>
         <size>0x171</size>
         <input_file_ref idref="fl-151"/>
      </object_component>
      <object_component id="oc-372">
         <name>.debug_info</name>
         <load_address>0xb5d5</load_address>
         <run_address>0xb5d5</run_address>
         <size>0x6f</size>
         <input_file_ref idref="fl-151"/>
      </object_component>
      <object_component id="oc-36f">
         <name>.debug_info</name>
         <load_address>0xb644</load_address>
         <run_address>0xb644</run_address>
         <size>0xff</size>
         <input_file_ref idref="fl-152"/>
      </object_component>
      <object_component id="oc-35a">
         <name>.debug_info</name>
         <load_address>0xb743</load_address>
         <run_address>0xb743</run_address>
         <size>0x156</size>
         <input_file_ref idref="fl-152"/>
      </object_component>
      <object_component id="oc-380">
         <name>.debug_info</name>
         <load_address>0xb899</load_address>
         <run_address>0xb899</run_address>
         <size>0x2c</size>
         <input_file_ref idref="fl-152"/>
      </object_component>
      <object_component id="oc-37d">
         <name>.debug_info</name>
         <load_address>0xb8c5</load_address>
         <run_address>0xb8c5</run_address>
         <size>0x11f</size>
         <input_file_ref idref="fl-153"/>
      </object_component>
      <object_component id="oc-37a">
         <name>.debug_info</name>
         <load_address>0xb9e4</load_address>
         <run_address>0xb9e4</run_address>
         <size>0xdd</size>
         <input_file_ref idref="fl-153"/>
      </object_component>
      <object_component id="oc-369">
         <name>.debug_info</name>
         <load_address>0xbac1</load_address>
         <run_address>0xbac1</run_address>
         <size>0x16c</size>
         <input_file_ref idref="fl-153"/>
      </object_component>
      <object_component id="oc-34c">
         <name>.debug_info</name>
         <load_address>0xbc2d</load_address>
         <run_address>0xbc2d</run_address>
         <size>0x137</size>
         <input_file_ref idref="fl-154"/>
      </object_component>
      <object_component id="oc-326">
         <name>.debug_info</name>
         <load_address>0xbd64</load_address>
         <run_address>0xbd64</run_address>
         <size>0x14f</size>
         <input_file_ref idref="fl-154"/>
      </object_component>
      <object_component id="oc-20b">
         <name>.debug_info</name>
         <load_address>0xbeb3</load_address>
         <run_address>0xbeb3</run_address>
         <size>0x1c8</size>
         <input_file_ref idref="fl-155"/>
      </object_component>
      <object_component id="oc-18e">
         <name>.debug_info</name>
         <load_address>0xc07b</load_address>
         <run_address>0xc07b</run_address>
         <size>0x25d</size>
         <input_file_ref idref="fl-155"/>
      </object_component>
      <object_component id="oc-f7">
         <name>.debug_info</name>
         <load_address>0xc2d8</load_address>
         <run_address>0xc2d8</run_address>
         <size>0x90</size>
         <input_file_ref idref="fl-155"/>
      </object_component>
      <object_component id="oc-f2">
         <name>.debug_info</name>
         <load_address>0xc368</load_address>
         <run_address>0xc368</run_address>
         <size>0x18b</size>
         <input_file_ref idref="fl-155"/>
      </object_component>
      <object_component id="oc-1f3">
         <name>.debug_info</name>
         <load_address>0xc4f3</load_address>
         <run_address>0xc4f3</run_address>
         <size>0x1e2</size>
         <input_file_ref idref="fl-156"/>
      </object_component>
      <object_component id="oc-169">
         <name>.debug_info</name>
         <load_address>0xc6d5</load_address>
         <run_address>0xc6d5</run_address>
         <size>0x1e1</size>
         <input_file_ref idref="fl-156"/>
      </object_component>
      <object_component id="oc-16f">
         <name>.debug_info</name>
         <load_address>0xc8b6</load_address>
         <run_address>0xc8b6</run_address>
         <size>0x1eb</size>
         <input_file_ref idref="fl-156"/>
      </object_component>
      <object_component id="oc-163">
         <name>.debug_info</name>
         <load_address>0xcaa1</load_address>
         <run_address>0xcaa1</run_address>
         <size>0x2d4</size>
         <input_file_ref idref="fl-156"/>
      </object_component>
      <object_component id="oc-2dd">
         <name>.debug_info</name>
         <load_address>0xcd75</load_address>
         <run_address>0xcd75</run_address>
         <size>0x1ba</size>
         <input_file_ref idref="fl-157"/>
      </object_component>
      <object_component id="oc-2df">
         <name>.debug_info</name>
         <load_address>0xcf2f</load_address>
         <run_address>0xcf2f</run_address>
         <size>0x1c2</size>
         <input_file_ref idref="fl-157"/>
      </object_component>
      <object_component id="oc-2da">
         <name>.debug_info</name>
         <load_address>0xd0f1</load_address>
         <run_address>0xd0f1</run_address>
         <size>0x109</size>
         <input_file_ref idref="fl-157"/>
      </object_component>
      <object_component id="oc-23c">
         <name>.debug_info</name>
         <load_address>0xd1fa</load_address>
         <run_address>0xd1fa</run_address>
         <size>0x2b0</size>
         <input_file_ref idref="fl-157"/>
      </object_component>
      <object_component id="oc-242">
         <name>.debug_info</name>
         <load_address>0xd4aa</load_address>
         <run_address>0xd4aa</run_address>
         <size>0x1cc</size>
         <input_file_ref idref="fl-157"/>
      </object_component>
      <object_component id="oc-fc">
         <name>.debug_info</name>
         <load_address>0xd676</load_address>
         <run_address>0xd676</run_address>
         <size>0x1d1</size>
         <input_file_ref idref="fl-158"/>
      </object_component>
      <object_component id="oc-2d6">
         <name>.debug_info</name>
         <load_address>0xd847</load_address>
         <run_address>0xd847</run_address>
         <size>0x119</size>
         <input_file_ref idref="fl-158"/>
      </object_component>
      <object_component id="oc-1ff">
         <name>.debug_info</name>
         <load_address>0xd960</load_address>
         <run_address>0xd960</run_address>
         <size>0x10d</size>
         <input_file_ref idref="fl-158"/>
      </object_component>
      <object_component id="oc-1af">
         <name>.debug_info</name>
         <load_address>0xda6d</load_address>
         <run_address>0xda6d</run_address>
         <size>0x207</size>
         <input_file_ref idref="fl-158"/>
      </object_component>
      <object_component id="oc-1f7">
         <name>.debug_info</name>
         <load_address>0xdc74</load_address>
         <run_address>0xdc74</run_address>
         <size>0x215</size>
         <input_file_ref idref="fl-158"/>
      </object_component>
      <object_component id="oc-1d5">
         <name>.debug_info</name>
         <load_address>0xde89</load_address>
         <run_address>0xde89</run_address>
         <size>0x265</size>
         <input_file_ref idref="fl-158"/>
      </object_component>
      <object_component id="oc-175">
         <name>.debug_info</name>
         <load_address>0xe0ee</load_address>
         <run_address>0xe0ee</run_address>
         <size>0x1eb</size>
         <input_file_ref idref="fl-158"/>
      </object_component>
      <object_component id="oc-17b">
         <name>.debug_info</name>
         <load_address>0xe2d9</load_address>
         <run_address>0xe2d9</run_address>
         <size>0x1e9</size>
         <input_file_ref idref="fl-158"/>
      </object_component>
      <object_component id="oc-2bf">
         <name>.debug_info</name>
         <load_address>0xe4c2</load_address>
         <run_address>0xe4c2</run_address>
         <size>0x1df</size>
         <input_file_ref idref="fl-158"/>
      </object_component>
      <object_component id="oc-181">
         <name>.debug_info</name>
         <load_address>0xe6a1</load_address>
         <run_address>0xe6a1</run_address>
         <size>0x1e4</size>
         <input_file_ref idref="fl-158"/>
      </object_component>
      <object_component id="oc-236">
         <name>.debug_info</name>
         <load_address>0xe885</load_address>
         <run_address>0xe885</run_address>
         <size>0x246</size>
         <input_file_ref idref="fl-158"/>
      </object_component>
      <object_component id="oc-1db">
         <name>.debug_info</name>
         <load_address>0xeacb</load_address>
         <run_address>0xeacb</run_address>
         <size>0x21f</size>
         <input_file_ref idref="fl-158"/>
      </object_component>
[...]
      <symbol id="sm-7">
         <name>__binit__</name>
         <value>0xffffffff</value>
      </symbol>
      <symbol id="sm-8">
         <name>__STACK_SIZE</name>
         <value>0x7d0</value>
      </symbol>
      <symbol id="sm-9">
         <name>__STACK_END</name>
         <value>0x20002fbc</value>
      </symbol>
      <symbol id="sm-a">
         <name>__c_args__</name>
         <value>0xffffffff</value>
      </symbol>
      <symbol id="sm-9e">
         <name>SCCBreadByte</name>
         <value>0x2369</value>
         <object_component_ref idref="oc-2c6"/>
      </symbol>
      <symbol id="sm-9f">
         <name>InitSCCB</name>
         <value>0x2fb9</value>
         <object_component_ref idref="oc-19b"/>
      </symbol>
      <symbol id="sm-a0">
         <name>startSCCB</name>
         <value>0x24fd</value>
         <object_component_ref idref="oc-210"/>
      </symbol>
      <symbol id="sm-a1">
         <name>OV7670_init</name>
         <value>0x25f5</value>
         <object_component_ref idref="oc-1a7"/>
      </symbol>
      <symbol id="sm-a2">
         <name>SCCBwriteByte</name>
         <value>0x1ff1</value>
         <object_component_ref idref="oc-216"/>
      </symbol>
      <symbol id="sm-a3">
         <name>change_reg</name>
         <value>0x363c</value>
         <object_component_ref idref="oc-229"/>
      </symbol>
      <symbol id="sm-a4">
         <name>stopSCCB</name>
         <value>0x2a29</value>
         <object_component_ref idref="oc-21c"/>
      </symbol>
      <symbol id="sm-a5">
         <name>noAck</name>
         <value>0x28f9</value>
         <object_component_ref idref="oc-2cc"/>
      </symbol>
      <symbol id="sm-a6">
         <name>rdOV7670Reg</name>
         <value>0x274d</value>
         <object_component_ref idref="oc-223"/>
      </symbol>
      <symbol id="sm-a7">
         <name>wrOV7670Reg</name>
         <value>0x2c2d</value>
         <object_component_ref idref="oc-1a1"/>
      </symbol>
      <symbol id="sm-bb">
         <name>delay_s</name>
         <value>0x2839</value>
         <object_component_ref idref="oc-a2"/>
      </symbol>
      <symbol id="sm-bc">
         <name>camaraArray</name>
         <value>0x2847</value>
         <object_component_ref idref="oc-a2"/>
      </symbol>
      <symbol id="sm-10d">
         <name>setaddress_tft</name>
         <value>0x2a85</value>
         <object_component_ref idref="oc-1c1"/>
      </symbol>
      <symbol id="sm-10e">
         <name>data_tft</name>
         <value>0x30b9</value>
         <object_component_ref idref="oc-1ba"/>
      </symbol>
      <symbol id="sm-10f">
         <name>clear_tft</name>
         <value>0x2c7b</value>
         <object_component_ref idref="oc-12f"/>
      </symbol>
      <symbol id="sm-110">
         <name>wrImage</name>
         <value>0x26dd</value>
         <object_component_ref idref="oc-13b"/>
      </symbol>
      <symbol id="sm-111">
         <name>init_tft</name>
         <value>0x1329</value>
         <object_component_ref idref="oc-129"/>
      </symbol>
      <symbol id="sm-112">
         <name>spitrans</name>
         <value>0x2f81</value>
         <object_component_ref idref="oc-1c7"/>
      </symbol>
      <symbol id="sm-113">
         <name>matriz</name>
         <value>0x2000026c</value>
         <object_component_ref idref="oc-b0"/>
      </symbol>
      <symbol id="sm-114">
         <name>comand_tft</name>
         <value>0x3089</value>
         <object_component_ref idref="oc-1b4"/>
      </symbol>
      <symbol id="sm-18f">
         <name>configura</name>
         <value>0x1bb9</value>
         <object_component_ref idref="oc-117"/>
      </symbol>
      <symbol id="sm-190">
         <name>usartPrintf</name>
         <value>0x2f45</value>
         <object_component_ref idref="oc-11d"/>
      </symbol>
      <symbol id="sm-191">
         <name>configuraInt</name>
         <value>0x22d9</value>
         <object_component_ref idref="oc-135"/>
      </symbol>
      <symbol id="sm-192">
         <name>main</name>
         <value>0x2669</value>
         <object_component_ref idref="oc-de"/>
      </symbol>
      <symbol id="sm-193">
         <name>IntGPIOD</name>
         <value>0x2f09</value>
         <object_component_ref idref="oc-42"/>
      </symbol>
      <symbol id="sm-194">
         <name>IntGPIOf</name>
         <value>0x31f9</value>
         <object_component_ref idref="oc-4e"/>
      </symbol>
      <symbol id="sm-195">
         <name>vsinc</name>
         <value>0x20003110</value>
         <object_component_ref idref="oc-ad"/>
      </symbol>
      <symbol id="sm-196">
         <name>Timer1IntHandler</name>
         <value>0x3235</value>
         <object_component_ref idref="oc-48"/>
      </symbol>
      <symbol id="sm-197">
         <name>configOV7670</name>
         <value>0x2d61</value>
         <object_component_ref idref="oc-123"/>
      </symbol>
      <symbol id="sm-1c8">
         <name>ResetISR</name>
         <value>0x337b</value>
         <object_component_ref idref="oc-2a"/>
      </symbol>
      <symbol id="sm-1c9">
         <name>g_pfnVectors</name>
         <value>0x0</value>
         <object_component_ref idref="oc-f"/>
      </symbol>
      <symbol id="sm-1db">
         <name>_c_int00</name>
         <value>0x2bdd</value>
         <object_component_ref idref="oc-24"/>
      </symbol>
      <symbol id="sm-1dc">
         <name>__stack</name>
         <value>0x200027ec</value>
         <object_component_ref idref="oc-29"/>
      </symbol>
      <symbol id="sm-1f3">
         <name>__TI_decompress_none</name>
         <value>0x3339</value>
         <object_component_ref idref="oc-12"/>
      </symbol>
      <symbol id="sm-21b">
         <name>__TI_decompress_rle24</name>
         <value>0x3387</value>
         <object_component_ref idref="oc-18"/>
      </symbol>
      <symbol id="sm-22d">
         <name>__TI_zero_init</name>
         <value>0x3353</value>
         <object_component_ref idref="oc-1e"/>
      </symbol>
      <symbol id="sm-24c">
         <name>C$$EXIT</name>
         <value>0x2e85</value>
         <object_component_ref idref="oc-8e"/>
      </symbol>
      <symbol id="sm-24d">
         <name>abort</name>
         <value>0x2e89</value>
         <object_component_ref idref="oc-8e"/>
      </symbol>
      <symbol id="sm-24e">
         <name>exit</name>
         <value>0x2e91</value>
         <object_component_ref idref="oc-8e"/>
      </symbol>
      <symbol id="sm-24f">
         <name>__TI_dtors_ptr</name>
         <value>0x200030fc</value>
         <object_component_ref idref="oc-e9"/>
      </symbol>
      <symbol id="sm-250">
         <name>__TI_cleanup_ptr</name>
         <value>0x200030f8</value>
         <object_component_ref idref="oc-e9"/>
      </symbol>
      <symbol id="sm-26b">
         <name>memcpy</name>
         <value>0x223b</value>
         <object_component_ref idref="oc-57"/>
      </symbol>
      <symbol id="sm-26c">
         <name>__aeabi_memcpy</name>
         <value>0x223b</value>
         <object_component_ref idref="oc-57"/>
      </symbol>
      <symbol id="sm-26d">
         <name>__aeabi_memcpy8</name>
         <value>0x223b</value>
         <object_component_ref idref="oc-57"/>
      </symbol>
      <symbol id="sm-26e">
         <name>__aeabi_memcpy4</name>
         <value>0x223b</value>
         <object_component_ref idref="oc-57"/>
      </symbol>
      <symbol id="sm-27d">
         <name>__aeabi_memset</name>
         <value>0x257b</value>
         <object_component_ref idref="oc-70"/>
      </symbol>
      <symbol id="sm-27e">
         <name>memset</name>
         <value>0x2581</value>
         <object_component_ref idref="oc-70"/>
      </symbol>
      <symbol id="sm-27f">
         <name>__aeabi_memset8</name>
         <value>0x257b</value>
         <object_component_ref idref="oc-70"/>
      </symbol>
      <symbol id="sm-280">
         <name>__aeabi_memset4</name>
         <value>0x257b</value>
         <object_component_ref idref="oc-70"/>
      </symbol>
      <symbol id="sm-281">
         <name>__aeabi_memclr8</name>
         <value>0x2579</value>
         <object_component_ref idref="oc-70"/>
      </symbol>
      <symbol id="sm-282">
         <name>__aeabi_memclr4</name>
         <value>0x2579</value>
         <object_component_ref idref="oc-70"/>
      </symbol>
      <symbol id="sm-283">
         <name>__aeabi_memclr</name>
         <value>0x2579</value>
         <object_component_ref idref="oc-70"/>
      </symbol>
      <symbol id="sm-28d">
         <name>_system_pre_init</name>
         <value>0x338d</value>
         <object_component_ref idref="oc-7c"/>
      </symbol>
      <symbol id="sm-295">
         <name>main_func_sp</name>
         <value>0x2000310c</value>
         <object_component_ref idref="oc-94"/>
      </symbol>
      <symbol id="sm-2ae">
         <name>vsprintf</name>
         <value>0x2e3d</value>
         <object_component_ref idref="oc-187"/>
      </symbol>
      <symbol id="sm-2c7">
         <name>_nop</name>
         <value>0x32df</value>
         <object_component_ref idref="oc-149"/>
      </symbol>
      <symbol id="sm-2c8">
         <name>_lock</name>
         <value>0x200030f0</value>
         <object_component_ref idref="oc-e6"/>
      </symbol>
      <symbol id="sm-2c9">
         <name>_unlock</name>
         <value>0x200030f4</value>
         <object_component_ref idref="oc-e6"/>
      </symbol>
      <symbol id="sm-2ca">
         <name>_register_lock</name>
         <value>0x32d7</value>
         <object_component_ref idref="oc-149"/>
      </symbol>
      <symbol id="sm-2cb">
         <name>_register_unlock</name>
         <value>0x32d1</value>
         <object_component_ref idref="oc-149"/>
      </symbol>
      <symbol id="sm-3d0">
         <name>__TI_printfi</name>
         <value>0x1021</value>
         <object_component_ref idref="oc-202"/>
      </symbol>
      <symbol id="sm-3e5">
         <name>_args_main</name>
         <value>0x32a1</value>
         <object_component_ref idref="oc-88"/>
      </symbol>
      <symbol id="sm-3fb">
         <name>atoi</name>
         <value>0x2cc9</value>
         <object_component_ref idref="oc-2a0"/>
      </symbol>
      <symbol id="sm-421">
         <name>__TI_auto_init</name>
         <value>0x27b9</value>
         <object_component_ref idref="oc-82"/>
      </symbol>
      <symbol id="sm-43b">
         <name>copy_in</name>
         <value>0x2d15</value>
         <object_component_ref idref="oc-d6"/>
      </symbol>
      <symbol id="sm-446">
         <name>_ctypes_</name>
         <value>0x3390</value>
         <object_component_ref idref="oc-30a"/>
      </symbol>
      <symbol id="sm-46a">
         <name>__aeabi_dsub</name>
         <value>0x18cd</value>
         <object_component_ref idref="oc-27d"/>
      </symbol>
      <symbol id="sm-46b">
         <name>__aeabi_dadd</name>
         <value>0x18d7</value>
         <object_component_ref idref="oc-27d"/>
      </symbol>
      <symbol id="sm-492">
         <name>__aeabi_cdcmpeq</name>
         <value>0x23f1</value>
         <object_component_ref idref="oc-259"/>
      </symbol>
      <symbol id="sm-493">
         <name>__aeabi_cdcmple</name>
         <value>0x23f1</value>
         <object_component_ref idref="oc-259"/>
      </symbol>
      <symbol id="sm-494">
         <name>__aeabi_cdrcmple</name>
         <value>0x2477</value>
         <object_component_ref idref="oc-268"/>
      </symbol>
      <symbol id="sm-4b4">
         <name>__aeabi_ddiv</name>
         <value>0x1a83</value>
         <object_component_ref idref="oc-263"/>
      </symbol>
      <symbol id="sm-4cb">
         <name>__aeabi_dmul</name>
         <value>0x1ef5</value>
         <object_component_ref idref="oc-25e"/>
      </symbol>
      <symbol id="sm-4d9">
         <name>__aeabi_d2iz</name>
         <value>0x2df5</value>
         <object_component_ref idref="oc-26d"/>
      </symbol>
      <symbol id="sm-4e6">
         <name>frexp</name>
         <value>0x31cf</value>
         <object_component_ref idref="oc-282"/>
      </symbol>
      <symbol id="sm-4f2">
         <name>__aeabi_i2d</name>
         <value>0x3149</value>
         <object_component_ref idref="oc-278"/>
      </symbol>
      <symbol id="sm-503">
         <name>ldexp</name>
         <value>0x2b89</value>
         <object_component_ref idref="oc-288"/>
      </symbol>
      <symbol id="sm-512">
         <name>ltoa</name>
         <value>0x2b33</value>
         <object_component_ref idref="oc-272"/>
      </symbol>
      <symbol id="sm-522">
         <name>memccpy</name>
         <value>0x326d</value>
         <object_component_ref idref="oc-29a"/>
      </symbol>
      <symbol id="sm-532">
         <name>strchr</name>
         <value>0x32b9</value>
         <object_component_ref idref="oc-28e"/>
      </symbol>
      <symbol id="sm-540">
         <name>strlen</name>
         <value>0x32e5</value>
         <object_component_ref idref="oc-253"/>
      </symbol>
      <symbol id="sm-56a">
         <name>__aeabi_uldivmod</name>
         <value>0x16d9</value>
         <object_component_ref idref="oc-24e"/>
      </symbol>
      <symbol id="sm-578">
         <name>_Dclass</name>
         <value>0x30e9</value>
         <object_component_ref idref="oc-294"/>
      </symbol>
      <symbol id="sm-599">
         <name>_Dscale</name>
         <value>0x1ce1</value>
         <object_component_ref idref="oc-2f6"/>
      </symbol>
      <symbol id="sm-5ad">
         <name>_Dunscale</name>
         <value>0x2961</value>
         <object_component_ref idref="oc-2ee"/>
      </symbol>
      <symbol id="sm-5bc">
         <name>_Feraise</name>
         <value>0x3119</value>
         <object_component_ref idref="oc-2fc"/>
      </symbol>
      <symbol id="sm-5cc">
         <name>_Rteps</name>
         <value>0x200030d0</value>
         <object_component_ref idref="oc-32f"/>
      </symbol>
      <symbol id="sm-5cd">
         <name>_Zero</name>
         <value>0x200030e8</value>
         <object_component_ref idref="oc-32f"/>
      </symbol>
      <symbol id="sm-5ce">
         <name>_Hugeval</name>
         <value>0x20003090</value>
         <object_component_ref idref="oc-32f"/>
      </symbol>
      <symbol id="sm-5cf">
         <name>_Snan</name>
         <value>0x200030c0</value>
         <object_component_ref idref="oc-32f"/>
      </symbol>
      <symbol id="sm-5d0">
         <name>_Nan</name>
         <value>0x200030b0</value>
         <object_component_ref idref="oc-32f"/>
      </symbol>
      <symbol id="sm-5d1">
         <name>_Inf</name>
         <value>0x200030a0</value>
         <object_component_ref idref="oc-32f"/>
      </symbol>
      <symbol id="sm-5d2">
         <name>_Xbig</name>
         <value>0x200030e0</value>
         <object_component_ref idref="oc-32f"/>
      </symbol>
      <symbol id="sm-5d3">
         <name>_Eps</name>
         <value>0x20003080</value>
         <object_component_ref idref="oc-32f"/>
      </symbol>
      <symbol id="sm-5d4">
         <name>_Denorm</name>
         <value>0x20003070</value>
         <object_component_ref idref="oc-32f"/>
      </symbol>
      <symbol id="sm-5dc">
         <name>_Errno</name>
         <value>0x20003108</value>
         <object_component_ref idref="oc-33a"/>
      </symbol>
      <symbol id="sm-5fa">
         <name>feraiseexcept</name>
         <value>0x3055</value>
         <object_component_ref idref="oc-334"/>
      </symbol>
      <symbol id="sm-5fb">
         <name>_Tls_setup__Fenv</name>
         <value>0x20003104</value>
         <object_component_ref idref="oc-35e"/>
      </symbol>
      <symbol id="sm-5fc">
         <name>_Fenv</name>
         <value>0x20003100</value>
         <object_component_ref idref="oc-35e"/>
      </symbol>
      <symbol id="sm-610">
         <name>raise</name>
         <value>0x3177</value>
         <object_component_ref idref="oc-358"/>
      </symbol>
      <symbol id="sm-62a">
         <name>signal</name>
         <value>0x2ec9</value>
         <object_component_ref idref="oc-368"/>
      </symbol>
      <symbol id="sm-63f">
         <name>_Dnorm</name>
         <value>0x20c5</value>
         <object_component_ref idref="oc-325"/>
      </symbol>
      <symbol id="sm-659">
         <name>UARTCharPut</name>
         <value>0x335f</value>
         <object_component_ref idref="oc-18d"/>
      </symbol>
      <symbol id="sm-68f">
         <name>SysCtlGPIOAHBEnable</name>
         <value>0x3219</value>
         <object_component_ref idref="oc-16e"/>
      </symbol>
      <symbol id="sm-690">
         <name>SysCtlClockSet</name>
         <value>0x1df1</value>
         <object_component_ref idref="oc-162"/>
      </symbol>
      <symbol id="sm-691">
         <name>SysCtlDelay</name>
         <value>0x3381</value>
         <object_component_ref idref="oc-1f1"/>
      </symbol>
      <symbol id="sm-692">
         <name>SysCtlPeripheralEnable</name>
         <value>0x3021</value>
         <object_component_ref idref="oc-168"/>
      </symbol>
      <symbol id="sm-6cc">
         <name>IntEnable</name>
         <value>0x29c9</value>
         <object_component_ref idref="oc-241"/>
      </symbol>
      <symbol id="sm-6cd">
         <name>IntRegister</name>
         <value>0x2fed</value>
         <object_component_ref idref="oc-23b"/>
      </symbol>
      <symbol id="sm-6ce">
         <name>g_pfnRAMVectors</name>
         <value>0x20000000</value>
         <object_component_ref idref="oc-2d9"/>
      </symbol>
      <symbol id="sm-75e">
         <name>GPIOIntRegister</name>
         <value>0x3289</value>
         <object_component_ref idref="oc-1e0"/>
      </symbol>
      <symbol id="sm-75f">
         <name>GPIOPinConfigure</name>
         <value>0x2dad</value>
         <object_component_ref idref="oc-180"/>
      </symbol>
      <symbol id="sm-760">
         <name>GPIOIntDisable</name>
         <value>0x331d</value>
         <object_component_ref idref="oc-1ce"/>
      </symbol>
      <symbol id="sm-761">
         <name>GPIOIntEnable</name>
         <value>0x3347</value>
         <object_component_ref idref="oc-1e6"/>
      </symbol>
      <symbol id="sm-762">
         <name>GPIOIntTypeSet</name>
         <value>0x2add</value>
         <object_component_ref idref="oc-1da"/>
      </symbol>
      <symbol id="sm-763">
         <name>GPIOPinTypeGPIOInput</name>
         <value>0x32f9</value>
         <object_component_ref idref="oc-17a"/>
      </symbol>
      <symbol id="sm-764">
         <name>GPIOIntClear</name>
         <value>0x3369</value>
         <object_component_ref idref="oc-a7"/>
      </symbol>
      <symbol id="sm-765">
         <name>GPIOIntStatus</name>
         <value>0x332b</value>
         <object_component_ref idref="oc-9c"/>
      </symbol>
      <symbol id="sm-766">
         <name>GPIOPinTypeGPIOOutput</name>
         <value>0x330b</value>
         <object_component_ref idref="oc-174"/>
      </symbol>
      <symbol id="sm-767">
         <name>GPIOPinRead</name>
         <value>0x336f</value>
         <object_component_ref idref="oc-2be"/>
      </symbol>
      <symbol id="sm-768">
         <name>GPIODirModeSet</name>
         <value>0x31a5</value>
         <object_component_ref idref="oc-1f6"/>
      </symbol>
      <symbol id="sm-769">
         <name>GPIOPinWrite</name>
         <value>0x3375</value>
         <object_component_ref idref="oc-1ae"/>
      </symbol>
      <symbol id="sm-76a">
         <name>GPIOPadConfigSet</name>
         <value>0x2183</value>
         <object_component_ref idref="oc-1d4"/>
      </symbol>
      <symbol id="sm-76c">
         <name>__TI_static_base__</name>
         <value>0x0</value>
      </symbol>
      <symbol id="sm-76f">
         <name>SHT$$INIT_ARRAY$$Limit</name>
         <value>0x0</value>
      </symbol>
      <symbol id="sm-770">
         <name>SHT$$INIT_ARRAY$$Base</name>
         <value>0x0</value>
      </symbol>
   </symbol_table>
   <title>Link successful</title>
</link_info>
